Archive member included to satisfy reference by file (symbol)

C:/msys64/mingw64/bin/../lib/gcc/arm-none-eabi/13.3.0/../../../../arm-none-eabi/lib/thumb/v7e-m+fp/hard\libc_nano.a(libc_a-atexit.o)
                              C:/msys64/mingw64/bin/../lib/gcc/arm-none-eabi/13.3.0/../../../../arm-none-eabi/lib/thumb/v7e-m+fp/hard/crt0.o (atexit)
C:/msys64/mingw64/bin/../lib/gcc/arm-none-eabi/13.3.0/../../../../arm-none-eabi/lib/thumb/v7e-m+fp/hard\libc_nano.a(libc_a-exit.o)
                              C:/msys64/mingw64/bin/../lib/gcc/arm-none-eabi/13.3.0/../../../../arm-none-eabi/lib/thumb/v7e-m+fp/hard/crt0.o (exit)
C:/msys64/mingw64/bin/../lib/gcc/arm-none-eabi/13.3.0/../../../../arm-none-eabi/lib/thumb/v7e-m+fp/hard\libc_nano.a(libc_a-nano-vfprintf_float.o)
                              (_printf_float)
C:/msys64/mingw64/bin/../lib/gcc/arm-none-eabi/13.3.0/../../../../arm-none-eabi/lib/thumb/v7e-m+fp/hard\libc_nano.a(libc_a-nano-vfprintf_i.o)
                              C:/msys64/mingw64/bin/../lib/gcc/arm-none-eabi/13.3.0/../../../../arm-none-eabi/lib/thumb/v7e-m+fp/hard\libc_nano.a(libc_a-nano-vfprintf_float.o) (_printf_common)
C:/msys64/mingw64/bin/../lib/gcc/arm-none-eabi/13.3.0/../../../../arm-none-eabi/lib/thumb/v7e-m+fp/hard\libc_nano.a(libc_a-nano-vfscanf_float.o)
                              (_scanf_float)
C:/msys64/mingw64/bin/../lib/gcc/arm-none-eabi/13.3.0/../../../../arm-none-eabi/lib/thumb/v7e-m+fp/hard\libc_nano.a(libc_a-findfp.o)
                              C:/msys64/mingw64/bin/../lib/gcc/arm-none-eabi/13.3.0/../../../../arm-none-eabi/lib/thumb/v7e-m+fp/hard\libc_nano.a(libc_a-exit.o) (__stdio_exit_handler)
C:/msys64/mingw64/bin/../lib/gcc/arm-none-eabi/13.3.0/../../../../arm-none-eabi/lib/thumb/v7e-m+fp/hard\libc_nano.a(libc_a-fwalk.o)
                              C:/msys64/mingw64/bin/../lib/gcc/arm-none-eabi/13.3.0/../../../../arm-none-eabi/lib/thumb/v7e-m+fp/hard\libc_nano.a(libc_a-findfp.o) (_fwalk_sglue)
C:/msys64/mingw64/bin/../lib/gcc/arm-none-eabi/13.3.0/../../../../arm-none-eabi/lib/thumb/v7e-m+fp/hard\libc_nano.a(libc_a-sprintf.o)
                              C:/msys64/mingw64/bin/../lib/gcc/arm-none-eabi/13.3.0/../../../../arm-none-eabi/lib/thumb/v7e-m+fp/hard\libc_nano.a(libc_a-nano-vfscanf_float.o) (sprintf)
C:/msys64/mingw64/bin/../lib/gcc/arm-none-eabi/13.3.0/../../../../arm-none-eabi/lib/thumb/v7e-m+fp/hard\libc_nano.a(libc_a-stdio.o)
                              C:/msys64/mingw64/bin/../lib/gcc/arm-none-eabi/13.3.0/../../../../arm-none-eabi/lib/thumb/v7e-m+fp/hard\libc_nano.a(libc_a-findfp.o) (__sread)
C:/msys64/mingw64/bin/../lib/gcc/arm-none-eabi/13.3.0/../../../../arm-none-eabi/lib/thumb/v7e-m+fp/hard\libc_nano.a(libc_a-memset.o)
                              C:/msys64/mingw64/bin/../lib/gcc/arm-none-eabi/13.3.0/../../../../arm-none-eabi/lib/thumb/v7e-m+fp/hard/crt0.o (memset)
C:/msys64/mingw64/bin/../lib/gcc/arm-none-eabi/13.3.0/../../../../arm-none-eabi/lib/thumb/v7e-m+fp/hard\libc_nano.a(libc_a-localeconv.o)
                              C:/msys64/mingw64/bin/../lib/gcc/arm-none-eabi/13.3.0/../../../../arm-none-eabi/lib/thumb/v7e-m+fp/hard\libc_nano.a(libc_a-nano-vfprintf_float.o) (_localeconv_r)
C:/msys64/mingw64/bin/../lib/gcc/arm-none-eabi/13.3.0/../../../../arm-none-eabi/lib/thumb/v7e-m+fp/hard\libc_nano.a(libc_a-closer.o)
                              C:/msys64/mingw64/bin/../lib/gcc/arm-none-eabi/13.3.0/../../../../arm-none-eabi/lib/thumb/v7e-m+fp/hard\libc_nano.a(libc_a-stdio.o) (_close_r)
C:/msys64/mingw64/bin/../lib/gcc/arm-none-eabi/13.3.0/../../../../arm-none-eabi/lib/thumb/v7e-m+fp/hard\libc_nano.a(libc_a-reent.o)
                              C:/msys64/mingw64/bin/../lib/gcc/arm-none-eabi/13.3.0/../../../../arm-none-eabi/lib/thumb/v7e-m+fp/hard\libc_nano.a(libc_a-closer.o) (errno)
C:/msys64/mingw64/bin/../lib/gcc/arm-none-eabi/13.3.0/../../../../arm-none-eabi/lib/thumb/v7e-m+fp/hard\libc_nano.a(libc_a-impure.o)
                              C:/msys64/mingw64/bin/../lib/gcc/arm-none-eabi/13.3.0/../../../../arm-none-eabi/lib/thumb/v7e-m+fp/hard\libc_nano.a(libc_a-sprintf.o) (_impure_ptr)
C:/msys64/mingw64/bin/../lib/gcc/arm-none-eabi/13.3.0/../../../../arm-none-eabi/lib/thumb/v7e-m+fp/hard\libc_nano.a(libc_a-lseekr.o)
                              C:/msys64/mingw64/bin/../lib/gcc/arm-none-eabi/13.3.0/../../../../arm-none-eabi/lib/thumb/v7e-m+fp/hard\libc_nano.a(libc_a-stdio.o) (_lseek_r)
C:/msys64/mingw64/bin/../lib/gcc/arm-none-eabi/13.3.0/../../../../arm-none-eabi/lib/thumb/v7e-m+fp/hard\libc_nano.a(libc_a-readr.o)
                              C:/msys64/mingw64/bin/../lib/gcc/arm-none-eabi/13.3.0/../../../../arm-none-eabi/lib/thumb/v7e-m+fp/hard\libc_nano.a(libc_a-stdio.o) (_read_r)
C:/msys64/mingw64/bin/../lib/gcc/arm-none-eabi/13.3.0/../../../../arm-none-eabi/lib/thumb/v7e-m+fp/hard\libc_nano.a(libc_a-writer.o)
[...]
Memory Configuration

Name             Origin             Length             Attributes
MFLASH           0x00000000         0x00010000         xr
BFLASH           0x00000000         0x00000c00         xr
RAM              0x20000000         0x00004000         xrw
*default*        0x00000000         0xffffffff

Linker script and memory map

LOAD C:/msys64/mingw64/bin/../lib/gcc/arm-none-eabi/13.3.0/thumb/v7e-m+fp/hard/crti.o
LOAD C:/msys64/mingw64/bin/../lib/gcc/arm-none-eabi/13.3.0/thumb/v7e-m+fp/hard/crtbegin.o
LOAD C:/msys64/mingw64/bin/../lib/gcc/arm-none-eabi/13.3.0/../../../../arm-none-eabi/lib/thumb/v7e-m+fp/hard/crt0.o
LOAD C:/msys64/mingw64/bin/../lib/gcc/arm-none-eabi/13.3.0/thumb/v7e-m+fp/hard\libgcc.a
LOAD C:/msys64/mingw64/bin/../lib/gcc/arm-none-eabi/13.3.0/../../../../arm-none-eabi/lib/thumb/v7e-m+fp/hard\libc_nano.a
LOAD CMakeFiles/blinky.elf.dir/89453849d6d115cef422537725914b7b/Device/NIIET/K1921VK035/Source/system_K1921VK035.c.obj
LOAD CMakeFiles/blinky.elf.dir/89453849d6d115cef422537725914b7b/retarget/Template/K1921VK035/retarget_conf.c.obj
LOAD CMakeFiles/blinky.elf.dir/665cb2cdd5c880f78f367d28651725ea/projects/NIIET-BB-K1921VK035/blinky/app/arinc429.c.obj
LOAD CMakeFiles/blinky.elf.dir/665cb2cdd5c880f78f367d28651725ea/projects/NIIET-BB-K1921VK035/blinky/app/button.c.obj
LOAD CMakeFiles/blinky.elf.dir/665cb2cdd5c880f78f367d28651725ea/projects/NIIET-BB-K1921VK035/blinky/app/can.c.obj
LOAD CMakeFiles/blinky.elf.dir/665cb2cdd5c880f78f367d28651725ea/projects/NIIET-BB-K1921VK035/blinky/app/ds18b20.c.obj
LOAD CMakeFiles/blinky.elf.dir/665cb2cdd5c880f78f367d28651725ea/projects/NIIET-BB-K1921VK035/blinky/app/led.c.obj
LOAD CMakeFiles/blinky.elf.dir/665cb2cdd5c880f78f367d28651725ea/projects/NIIET-BB-K1921VK035/blinky/app/main.c.obj
LOAD CMakeFiles/blinky.elf.dir/99ca56b1d2d790d692bd11fb324f63ef/NIIET-BB-K1921VK035/blinky/app/system_K1921VK035.c.obj
LOAD CMakeFiles/blinky.elf.dir/665cb2cdd5c880f78f367d28651725ea/projects/NIIET-BB-K1921VK035/blinky/app/uart.c.obj
LOAD CMakeFiles/blinky.elf.dir/7be9e89345f91d1c34828d88d787f678/NIIET/K1921VK035/Source/GCC/startup_K1921VK035.S.obj
LOAD CMakeFiles/blinky.elf.dir/665cb2cdd5c880f78f367d28651725ea/platform/retarget/retarget.c.obj
START GROUP
LOAD C:/msys64/mingw64/bin/../lib/gcc/arm-none-eabi/13.3.0/thumb/v7e-m+fp/hard\libgcc.a
LOAD C:/msys64/mingw64/bin/../lib/gcc/arm-none-eabi/13.3.0/../../../../arm-none-eabi/lib/thumb/v7e-m+fp/hard\libg_nano.a
LOAD C:/msys64/mingw64/bin/../lib/gcc/arm-none-eabi/13.3.0/../../../../arm-none-eabi/lib/thumb/v7e-m+fp/hard\libc_nano.a
END GROUP
START GROUP
LOAD C:/msys64/mingw64/bin/../lib/gcc/arm-none-eabi/13.3.0/thumb/v7e-m+fp/hard\libgcc.a
LOAD C:/msys64/mingw64/bin/../lib/gcc/arm-none-eabi/13.3.0/../../../../arm-none-eabi/lib/thumb/v7e-m+fp/hard\libc_nano.a
LOAD C:/msys64/mingw64/bin/../lib/gcc/arm-none-eabi/13.3.0/../../../../arm-none-eabi/lib/thumb/v7e-m+fp/hard\libnosys.a
END GROUP
START GROUP
LOAD C:/msys64/mingw64/bin/../lib/gcc/arm-none-eabi/13.3.0/thumb/v7e-m+fp/hard\libgcc.a
LOAD C:/msys64/mingw64/bin/../lib/gcc/arm-none-eabi/13.3.0/../../../../arm-none-eabi/lib/thumb/v7e-m+fp/hard\libc_nano.a
LOAD C:/msys64/mingw64/bin/../lib/gcc/arm-none-eabi/13.3.0/../../../../arm-none-eabi/lib/thumb/v7e-m+fp/hard\libnosys.a
END GROUP
LOAD C:/msys64/mingw64/bin/../lib/gcc/arm-none-eabi/13.3.0/thumb/v7e-m+fp/hard/crtend.o
LOAD C:/msys64/mingw64/bin/../lib/gcc/arm-none-eabi/13.3.0/thumb/v7e-m+fp/hard/crtn.o

.text           0x00000000     0x8b10
 *(.isr_vector)
 .isr_vector    0x00000000      0x158 CMakeFiles/blinky.elf.dir/7be9e89345f91d1c34828d88d787f678/NIIET/K1921VK035/Source/GCC/startup_K1921VK035.S.obj
                0x00000000                __isr_vector
 *(.text*)
 .text.__do_global_dtors_aux
                0x00000158       0x24 C:/msys64/mingw64/bin/../lib/gcc/arm-none-eabi/13.3.0/thumb/v7e-m+fp/hard/crtbegin.o
 .text.frame_dummy
                0x0000017c       0x1c C:/msys64/mingw64/bin/../lib/gcc/arm-none-eabi/13.3.0/thumb/v7e-m+fp/hard/crtbegin.o
 .text          0x00000198       0x70 C:/msys64/mingw64/bin/../lib/gcc/arm-none-eabi/13.3.0/../../../../arm-none-eabi/lib/thumb/v7e-m+fp/hard/crt0.o
                0x00000198                _stack_init
                0x000001a0                _start
                0x000001a0                _mainCRTStartup
 .text          0x00000208        0xc C:/msys64/mingw64/bin/../lib/gcc/arm-none-eabi/13.3.0/../../../../arm-none-eabi/lib/thumb/v7e-m+fp/hard\libc_nano.a(libc_a-atexit.o)
                0x00000208                atexit
 .text          0x00000214       0x24 C:/msys64/mingw64/bin/../lib/gcc/arm-none-eabi/13.3.0/../../../../arm-none-eabi/lib/thumb/v7e-m+fp/hard\libc_nano.a(libc_a-exit.o)
                0x00000214                exit
 .text          0x00000238      0x6b0 C:/msys64/mingw64/bin/../lib/gcc/arm-none-eabi/13.3.0/../../../../arm-none-eabi/lib/thumb/v7e-m+fp/hard\libc_nano.a(libc_a-nano-vfprintf_float.o)
                0x00000238                __cvt
                0x00000348                __exponent
                0x000003cc                _printf_float
 .text          0x000008e8      0x3a8 C:/msys64/mingw64/bin/../lib/gcc/arm-none-eabi/13.3.0/../../../../arm-none-eabi/lib/thumb/v7e-m+fp/hard\libc_nano.a(libc_a-nano-vfprintf_i.o)
                0x000008e8                _printf_common
                0x00000a0c                _printf_i
 .text          0x00000c90      0x48c C:/msys64/mingw64/bin/../lib/gcc/arm-none-eabi/13.3.0/../../../../arm-none-eabi/lib/thumb/v7e-m+fp/hard\libc_nano.a(libc_a-nano-vfscanf_float.o)
                0x00000c90                _scanf_float
 .text          0x0000111c      0x2dc C:/msys64/mingw64/bin/../lib/gcc/arm-none-eabi/13.3.0/../../../../arm-none-eabi/lib/thumb/v7e-m+fp/hard\libc_nano.a(libc_a-findfp.o)
                0x00001298                __sfp
                0x00001358                __sinit
                0x00001398                __sfp_lock_acquire
                0x000013a4                __sfp_lock_release
                0x000013b0                __fp_lock_all
                0x000013d4                __fp_unlock_all
 .text          0x000013f8       0x44 C:/msys64/mingw64/bin/../lib/gcc/arm-none-eabi/13.3.0/../../../../arm-none-eabi/lib/thumb/v7e-m+fp/hard\libc_nano.a(libc_a-fwalk.o)
                0x000013f8                _fwalk_sglue
 .text          0x0000143c       0x80 C:/msys64/mingw64/bin/../lib/gcc/arm-none-eabi/13.3.0/../../../../arm-none-eabi/lib/thumb/v7e-m+fp/hard\libc_nano.a(libc_a-sprintf.o)
                0x0000143c                _sprintf_r
                0x0000143c                _siprintf_r
                0x00001478                siprintf
                0x00001478                sprintf
 .text          0x000014bc       0x94 C:/msys64/mingw64/bin/../lib/gcc/arm-none-eabi/13.3.0/../../../../arm-none-eabi/lib/thumb/v7e-m+fp/hard\libc_nano.a(libc_a-stdio.o)
                0x000014bc                __sread
                0x000014e0                __seofread
                0x000014e4                __swrite
                0x00001524                __sseek
                0x00001548                __sclose
 .text          0x00001550       0xa4 C:/msys64/mingw64/bin/../lib/gcc/arm-none-eabi/13.3.0/../../../../arm-none-eabi/lib/thumb/v7e-m+fp/hard\libc_nano.a(libc_a-memset.o)
                0x00001550                memset
 .text          0x000015f4       0x14 C:/msys64/mingw64/bin/../lib/gcc/arm-none-eabi/13.3.0/../../../../arm-none-eabi/lib/thumb/v7e-m+fp/hard\libc_nano.a(libc_a-localeconv.o)
                0x000015f4                __localeconv_l
                0x000015f8                _localeconv_r
                0x00001600                localeconv
 .text          0x00001608       0x24 C:/msys64/mingw64/bin/../lib/gcc/arm-none-eabi/13.3.0/../../../../arm-none-eabi/lib/thumb/v7e-m+fp/hard\libc_nano.a(libc_a-closer.o)
                0x00001608                _close_r
 .text          0x0000162c       0x2c C:/msys64/mingw64/bin/../lib/gcc/arm-none-eabi/13.3.0/../../../../arm-none-eabi/lib/thumb/v7e-m+fp/hard\libc_nano.a(libc_a-lseekr.o)
                0x0000162c                _lseek_r
 .text          0x00001658       0x2c C:/msys64/mingw64/bin/../lib/gcc/arm-none-eabi/13.3.0/../../../../arm-none-eabi/lib/thumb/v7e-m+fp/hard\libc_nano.a(libc_a-readr.o)
                0x00001658                _read_r
 .text          0x00001684       0x2c C:/msys64/mingw64/bin/../lib/gcc/arm-none-eabi/13.3.0/../../../../arm-none-eabi/lib/thumb/v7e-m+fp/hard\libc_nano.a(libc_a-writer.o)
                0x00001684                _write_r
 .text          0x000016b0       0x50 C:/msys64/mingw64/bin/../lib/gcc/arm-none-eabi/13.3.0/../../../../arm-none-eabi/lib/thumb/v7e-m+fp/hard\libc_nano.a(libc_a-init.o)
                0x000016b0                __libc_init_array
 .text          0x00001700       0x28 C:/msys64/mingw64/bin/../lib/gcc/arm-none-eabi/13.3.0/../../../../arm-none-eabi/lib/thumb/v7e-m+fp/hard\libc_nano.a(libc_a-fini.o)
                0x00001700                __libc_fini_array
 .text          0x00001728       0x28 C:/msys64/mingw64/bin/../lib/gcc/arm-none-eabi/13.3.0/../../../../arm-none-eabi/lib/thumb/v7e-m+fp/hard\libc_nano.a(libc_a-lock.o)
                0x00001728                __retarget_lock_init
                0x0000172c                __retarget_lock_init_recursive
                0x00001730                __retarget_lock_close
                0x00001734                __retarget_lock_close_recursive
                0x00001738                __retarget_lock_acquire
                0x0000173c                __retarget_lock_acquire_recursive
                0x00001740                __retarget_lock_try_acquire
                0x00001744                __retarget_lock_try_acquire_recursive
                0x00001748                __retarget_lock_release
                0x0000174c                __retarget_lock_release_recursive
 .text          0x00001750       0xa0 C:/msys64/mingw64/bin/../lib/gcc/arm-none-eabi/13.3.0/../../../../arm-none-eabi/lib/thumb/v7e-m+fp/hard\libc_nano.a(libc_a-memchr.o)
                0x00001750                memchr
 *fill*         0x000017f0       0x10 
 .text          0x00001800       0xd8 C:/msys64/mingw64/bin/../lib/gcc/arm-none-eabi/13.3.0/../../../../arm-none-eabi/lib/thumb/v7e-m+fp/hard\libc_nano.a(libc_a-strlen.o)
                0x00001800                strlen
 .text          0x000018d8        0xc C:/msys64/mingw64/bin/../lib/gcc/arm-none-eabi/13.3.0/../../../../arm-none-eabi/lib/thumb/v7e-m+fp/hard\libc_nano.a(libm_a-sf_nan.o)
                0x000018d8                nanf
 .text          0x000018e4       0xbc C:/msys64/mingw64/bin/../lib/gcc/arm-none-eabi/13.3.0/../../../../arm-none-eabi/lib/thumb/v7e-m+fp/hard\libc_nano.a(libc_a-__atexit.o)
                0x000018e4                __register_exitproc
 .text          0x000019a0       0xd8 C:/msys64/mingw64/bin/../lib/gcc/arm-none-eabi/13.3.0/../../../../arm-none-eabi/lib/thumb/v7e-m+fp/hard\libc_nano.a(libc_a-__call_atexit.o)
                0x000019a0                __call_exitprocs
 .text          0x00001a78      0xfdc C:/msys64/mingw64/bin/../lib/gcc/arm-none-eabi/13.3.0/../../../../arm-none-eabi/lib/thumb/v7e-m+fp/hard\libc_nano.a(libc_a-dtoa.o)
                0x00001ba4                _dtoa_r
 .text          0x00002a54       0xbc C:/msys64/mingw64/bin/../lib/gcc/arm-none-eabi/13.3.0/../../../../arm-none-eabi/lib/thumb/v7e-m+fp/hard\libc_nano.a(libc_a-freer.o)
                0x00002a54                _free_r
 .text          0x00002b10       0x20 C:/msys64/mingw64/bin/../lib/gcc/arm-none-eabi/13.3.0/../../../../arm-none-eabi/lib/thumb/v7e-m+fp/hard\libc_nano.a(libc_a-malloc.o)
                0x00002b10                malloc
                0x00002b20                free
 .text          0x00002b30      0x148 C:/msys64/mingw64/bin/../lib/gcc/arm-none-eabi/13.3.0/../../../../arm-none-eabi/lib/thumb/v7e-m+fp/hard\libc_nano.a(libc_a-mallocr.o)
                0x00002b78                _malloc_r
 .text          0x00002c78       0x18 C:/msys64/mingw64/bin/../lib/gcc/arm-none-eabi/13.3.0/../../../../arm-none-eabi/lib/thumb/v7e-m+fp/hard\libc_nano.a(libc_a-mlock.o)
                0x00002c78                __malloc_lock
                0x00002c84                __malloc_unlock
 .text          0x00002c90      0xb10 C:/msys64/mingw64/bin/../lib/gcc/arm-none-eabi/13.3.0/../../../../arm-none-eabi/lib/thumb/v7e-m+fp/hard\libc_nano.a(libc_a-mprec.o)
                0x00002c90                _Balloc
                0x00002d10                _Bfree
                0x00002d58                __multadd
                0x00002df4                __s2b
                0x00002ea8                __hi0bits
                0x00002eec                __lo0bits
                0x00002f4c                __i2b
                0x00002f78                __multiply
                0x000030e4                __pow5mult
                0x000031c4                __lshift
                0x000032ac                __mcmp
                0x000032f0                __mdiff
                0x00003468                __ulp
                0x000034cc                __b2d
                0x00003588                __d2b
                0x00003648                __ratio
                0x000036a8                _mprec_log10
                0x000036e8                __copybits
                0x00003744                __any_on
 .text          0x000037a0     0x11bc C:/msys64/mingw64/bin/../lib/gcc/arm-none-eabi/13.3.0/../../../../arm-none-eabi/lib/thumb/v7e-m+fp/hard\libc_nano.a(libc_a-strtod.o)
                0x000037a0                _strtod_l
                0x00004794                _strtod_r
                0x000047a0                strtod_l
                0x000047bc                strtod
                0x000047dc                strtof_l
                0x0000488c                strtof
 .text          0x0000495c      0x16c C:/msys64/mingw64/bin/../lib/gcc/arm-none-eabi/13.3.0/../../../../arm-none-eabi/lib/thumb/v7e-m+fp/hard\libc_nano.a(libc_a-strtol.o)
                0x00004a94                _strtol_r
                0x00004a98                strtol_l
                0x00004ab0                strtol
 .text          0x00004ac8      0x400 C:/msys64/mingw64/bin/../lib/gcc/arm-none-eabi/13.3.0/../../../../arm-none-eabi/lib/thumb/v7e-m+fp/hard\libc_nano.a(libc_a-nano-svfprintf.o)
                0x00004ac8                __ssputs_r
                0x00004b88                __ssprint_r
                0x00004c90                _svfiprintf_r
                0x00004c90                _svfprintf_r
 .text          0x00004ec8      0x1a4 C:/msys64/mingw64/bin/../lib/gcc/arm-none-eabi/13.3.0/../../../../arm-none-eabi/lib/thumb/v7e-m+fp/hard\libc_nano.a(libc_a-fflush.o)
                0x00004ec8                __sflush_r
                0x00004fec                _fflush_r
                0x00005044                fflush
 .text          0x0000506c      0x100 C:/msys64/mingw64/bin/../lib/gcc/arm-none-eabi/13.3.0/../../../../arm-none-eabi/lib/thumb/v7e-m+fp/hard\libc_nano.a(libc_a-memmove.o)
                0x0000506c                memmove
 .text          0x0000516c       0x8c C:/msys64/mingw64/bin/../lib/gcc/arm-none-eabi/13.3.0/../../../../arm-none-eabi/lib/thumb/v7e-m+fp/hard\libc_nano.a(libc_a-strncmp.o)
                0x0000516c                strncmp
 .text          0x000051f8       0x24 C:/msys64/mingw64/bin/../lib/gcc/arm-none-eabi/13.3.0/../../../../arm-none-eabi/lib/thumb/v7e-m+fp/hard\libc_nano.a(libc_a-sbrkr.o)
                0x000051f8                _sbrk_r
 .text          0x0000521c        0xc C:/msys64/mingw64/bin/../lib/gcc/arm-none-eabi/13.3.0/../../../../arm-none-eabi/lib/thumb/v7e-m+fp/hard\libc_nano.a(libc_a-errno.o)
                0x0000521c                __errno
 .text          0x00005228      0x134 C:/msys64/mingw64/bin/../lib/gcc/arm-none-eabi/13.3.0/../../../../arm-none-eabi/lib/thumb/v7e-m+fp/hard\libc_nano.a(libc_a-memcpy.o)
                0x00005228                memcpy
 *fill*         0x0000535c        0x4 
 .text          0x00005360       0x10 C:/msys64/mingw64/bin/../lib/gcc/arm-none-eabi/13.3.0/../../../../arm-none-eabi/lib/thumb/v7e-m+fp/hard\libc_nano.a(libm_a-s_nan.o)
                0x00005360                nan
 .text          0x00005370       0x4c C:/msys64/mingw64/bin/../lib/gcc/arm-none-eabi/13.3.0/../../../../arm-none-eabi/lib/thumb/v7e-m+fp/hard\libc_nano.a(libc_a-assert.o)
                0x00005370                __assert_func
                0x000053b0                __assert
 .text          0x000053bc       0x28 C:/msys64/mingw64/bin/../lib/gcc/arm-none-eabi/13.3.0/../../../../arm-none-eabi/lib/thumb/v7e-m+fp/hard\libc_nano.a(libc_a-callocr.o)
                0x000053bc                _calloc_r
 .text          0x000053e4      0x630 C:/msys64/mingw64/bin/../lib/gcc/arm-none-eabi/13.3.0/../../../../arm-none-eabi/lib/thumb/v7e-m+fp/hard\libc_nano.a(libc_a-gdtoa-gethex.o)
                0x00005488                __gethex
 .text          0x00005a14      0x204 C:/msys64/mingw64/bin/../lib/gcc/arm-none-eabi/13.3.0/../../../../arm-none-eabi/lib/thumb/v7e-m+fp/hard\libc_nano.a(libc_a-gdtoa-hexnan.o)
                0x00005a14                __match
                0x00005a4c                __hexnan
 .text          0x00005c18       0x40 C:/msys64/mingw64/bin/../lib/gcc/arm-none-eabi/13.3.0/../../../../arm-none-eabi/lib/thumb/v7e-m+fp/hard\libc_nano.a(libc_a-mbtowc_r.o)
                0x00005c18                _mbtowc_r
                0x00005c2c                __ascii_mbtowc
 .text          0x00005c58       0x64 C:/msys64/mingw64/bin/../lib/gcc/arm-none-eabi/13.3.0/../../../../arm-none-eabi/lib/thumb/v7e-m+fp/hard\libc_nano.a(libc_a-reallocr.o)
                0x00005c58                _realloc_r
 .text          0x00005cbc       0x30 C:/msys64/mingw64/bin/../lib/gcc/arm-none-eabi/13.3.0/../../../../arm-none-eabi/lib/thumb/v7e-m+fp/hard\libc_nano.a(libc_a-wctomb_r.o)
                0x00005cbc                _wctomb_r
                0x00005cd0                __ascii_wctomb
 .text          0x00005cec       0x44 C:/msys64/mingw64/bin/../lib/gcc/arm-none-eabi/13.3.0/../../../../arm-none-eabi/lib/thumb/v7e-m+fp/hard\libc_nano.a(libc_a-fprintf.o)
                0x00005cec                _fprintf_r
                0x00005cec                _fiprintf_r
                0x00005d08                fiprintf
                0x00005d08                fprintf
 .text          0x00005d30       0x10 C:/msys64/mingw64/bin/../lib/gcc/arm-none-eabi/13.3.0/../../../../arm-none-eabi/lib/thumb/v7e-m+fp/hard\libc_nano.a(libc_a-abort.o)
                0x00005d30                abort
 .text          0x00005d40       0x10 C:/msys64/mingw64/bin/../lib/gcc/arm-none-eabi/13.3.0/../../../../arm-none-eabi/lib/thumb/v7e-m+fp/hard\libc_nano.a(libc_a-msizer.o)
                0x00005d40                _malloc_usable_size_r
 .text          0x00005d50      0x368 C:/msys64/mingw64/bin/../lib/gcc/arm-none-eabi/13.3.0/../../../../arm-none-eabi/lib/thumb/v7e-m+fp/hard\libc_nano.a(libc_a-nano-vfprintf.o)
                0x00005d8c                __sfputs_r
                0x00005dbc                __sprint_r
                0x00005ddc                _vfiprintf_r
                0x00005ddc                _vfprintf_r
                0x0000609c                vfprintf
                0x0000609c                vfiprintf
 .text          0x000060b8      0x300 C:/msys64/mingw64/bin/../lib/gcc/arm-none-eabi/13.3.0/../../../../arm-none-eabi/lib/thumb/v7e-m+fp/hard\libc_nano.a(libc_a-fvwrite.o)
                0x000060b8                __sfvwrite_r
 .text          0x000063b8       0xa0 C:/msys64/mingw64/bin/../lib/gcc/arm-none-eabi/13.3.0/../../../../arm-none-eabi/lib/thumb/v7e-m+fp/hard\libc_nano.a(libc_a-wbuf.o)
                0x000063b8                __swbuf_r
                0x00006440                __swbuf
 .text          0x00006458       0xc4 C:/msys64/mingw64/bin/../lib/gcc/arm-none-eabi/13.3.0/../../../../arm-none-eabi/lib/thumb/v7e-m+fp/hard\libc_nano.a(libc_a-wsetup.o)
                0x00006458                __swsetup_r
 .text          0x0000651c      0x260 C:/msys64/mingw64/bin/../lib/gcc/arm-none-eabi/13.3.0/../../../../arm-none-eabi/lib/thumb/v7e-m+fp/hard\libc_nano.a(libc_a-signal.o)
                0x0000651c                _init_signal_r
                0x00006548                _signal_r
                0x00006594                _raise_r
                0x000065e4                __sigtramp_r
                0x00006644                raise
                0x00006698                signal
                0x000066e4                _init_signal
                0x00006718                __sigtramp
 .text          0x0000677c       0x30 C:/msys64/mingw64/bin/../lib/gcc/arm-none-eabi/13.3.0/../../../../arm-none-eabi/lib/thumb/v7e-m+fp/hard\libc_nano.a(libc_a-signalr.o)
                0x0000677c                _kill_r
                0x000067a8                _getpid_r
 .text          0x000067ac      0x114 C:/msys64/mingw64/bin/../lib/gcc/arm-none-eabi/13.3.0/../../../../arm-none-eabi/lib/thumb/v7e-m+fp/hard\libc_nano.a(libc_a-makebuf.o)
                0x000067ac                __smakebuf_r
                0x00006870                __swhatbuf_r
 .text          0x000068c0       0x2c C:/msys64/mingw64/bin/../lib/gcc/arm-none-eabi/13.3.0/../../../../arm-none-eabi/lib/thumb/v7e-m+fp/hard\libc_nano.a(libc_a-fstatr.o)
                0x000068c0                _fstat_r
 .text          0x000068ec       0x24 C:/msys64/mingw64/bin/../lib/gcc/arm-none-eabi/13.3.0/../../../../arm-none-eabi/lib/thumb/v7e-m+fp/hard\libc_nano.a(libc_a-isattyr.o)
                0x000068ec                _isatty_r
 .text.retarget_get_char
                0x00006910       0x18 CMakeFiles/blinky.elf.dir/89453849d6d115cef422537725914b7b/retarget/Template/K1921VK035/retarget_conf.c.obj
                0x00006910                retarget_get_char
 .text.retarget_put_char
                0x00006928       0x18 CMakeFiles/blinky.elf.dir/89453849d6d115cef422537725914b7b/retarget/Template/K1921VK035/retarget_conf.c.obj
                0x00006928                retarget_put_char
 .text.Button_Init
                0x00006940       0x5c CMakeFiles/blinky.elf.dir/665cb2cdd5c880f78f367d28651725ea/projects/NIIET-BB-K1921VK035/blinky/app/button.c.obj
                0x00006940                Button_Init
 .text.CAN_Init
                0x0000699c       0x90 CMakeFiles/blinky.elf.dir/665cb2cdd5c880f78f367d28651725ea/projects/NIIET-BB-K1921VK035/blinky/app/can.c.obj
                0x0000699c                CAN_Init
 .text.CAN_Object_Location
                0x00006a2c       0x3c CMakeFiles/blinky.elf.dir/665cb2cdd5c880f78f367d28651725ea/projects/NIIET-BB-K1921VK035/blinky/app/can.c.obj
                0x00006a2c                CAN_Object_Location
 .text.CAN_Object_Config
                0x00006a68       0x94 CMakeFiles/blinky.elf.dir/665cb2cdd5c880f78f367d28651725ea/projects/NIIET-BB-K1921VK035/blinky/app/can.c.obj
                0x00006a68                CAN_Object_Config
 .text.CAN_Object_Transmit
                0x00006afc       0x24 CMakeFiles/blinky.elf.dir/665cb2cdd5c880f78f367d28651725ea/projects/NIIET-BB-K1921VK035/blinky/app/can.c.obj
                0x00006afc                CAN_Object_Transmit
 .text.CAN_Object_Receive
                0x00006b20       0x24 CMakeFiles/blinky.elf.dir/665cb2cdd5c880f78f367d28651725ea/projects/NIIET-BB-K1921VK035/blinky/app/can.c.obj
                0x00006b20                CAN_Object_Receive
 .text.CAN2_IRQHandler
                0x00006b44       0x20 CMakeFiles/blinky.elf.dir/665cb2cdd5c880f78f367d28651725ea/projects/NIIET-BB-K1921VK035/blinky/app/can.c.obj
                0x00006b44                CAN2_IRQHandler
 .text.CAN12_IRQHandler
                0x00006b64       0x40 CMakeFiles/blinky.elf.dir/665cb2cdd5c880f78f367d28651725ea/projects/NIIET-BB-K1921VK035/blinky/app/can.c.obj
                0x00006b64                CAN12_IRQHandler
 .text.CAN_Test
                0x00006ba4       0x8c CMakeFiles/blinky.elf.dir/665cb2cdd5c880f78f367d28651725ea/projects/NIIET-BB-K1921VK035/blinky/app/can.c.obj
                0x00006ba4                CAN_Test
 .text.CAN_Handler
                0x00006c30       0x48 CMakeFiles/blinky.elf.dir/665cb2cdd5c880f78f367d28651725ea/projects/NIIET-BB-K1921VK035/blinky/app/can.c.obj
                0x00006c30                CAN_Handler
 .text.DS18B20_Reset
                0x00006c78       0x7c CMakeFiles/blinky.elf.dir/665cb2cdd5c880f78f367d28651725ea/projects/NIIET-BB-K1921VK035/blinky/app/ds18b20.c.obj
                0x00006c78                DS18B20_Reset
 .text.DS18B20_WriteBit
                0x00006cf4       0x30 CMakeFiles/blinky.elf.dir/665cb2cdd5c880f78f367d28651725ea/projects/NIIET-BB-K1921VK035/blinky/app/ds18b20.c.obj
                0x00006cf4                DS18B20_WriteBit
 .text.DS18B20_WriteByte
                0x00006d24       0x20 CMakeFiles/blinky.elf.dir/665cb2cdd5c880f78f367d28651725ea/projects/NIIET-BB-K1921VK035/blinky/app/ds18b20.c.obj
                0x00006d24                DS18B20_WriteByte
 .text.DS18B20_ReadBit
                0x00006d44       0x34 CMakeFiles/blinky.elf.dir/665cb2cdd5c880f78f367d28651725ea/projects/NIIET-BB-K1921VK035/blinky/app/ds18b20.c.obj
                0x00006d44                DS18B20_ReadBit
 .text.DS18B20_ReadByte
                0x00006d78       0x24 CMakeFiles/blinky.elf.dir/665cb2cdd5c880f78f367d28651725ea/projects/NIIET-BB-K1921VK035/blinky/app/ds18b20.c.obj
                0x00006d78                DS18B20_ReadByte
 .text.DS18B20_CRC8
                0x00006d9c       0x32 CMakeFiles/blinky.elf.dir/665cb2cdd5c880f78f367d28651725ea/projects/NIIET-BB-K1921VK035/blinky/app/ds18b20.c.obj
                0x00006d9c                DS18B20_CRC8
 *fill*         0x00006dce        0x2 
 .text.DS18B20_Convert
                0x00006dd0       0x58 CMakeFiles/blinky.elf.dir/665cb2cdd5c880f78f367d28651725ea/projects/NIIET-BB-K1921VK035/blinky/app/ds18b20.c.obj
                0x00006dd0                DS18B20_Convert
 .text.DS18B20_SendMessage
                0x00006e28       0x30 CMakeFiles/blinky.elf.dir/665cb2cdd5c880f78f367d28651725ea/projects/NIIET-BB-K1921VK035/blinky/app/ds18b20.c.obj
                0x00006e28                DS18B20_SendMessage
 .text.DS18B20_SendMessage_CAN
                0x00006e58       0x50 CMakeFiles/blinky.elf.dir/665cb2cdd5c880f78f367d28651725ea/projects/NIIET-BB-K1921VK035/blinky/app/ds18b20.c.obj
                0x00006e58                DS18B20_SendMessage_CAN
 .text.Led_Pin_Init
                0x00006ea8       0x3c CMakeFiles/blinky.elf.dir/665cb2cdd5c880f78f367d28651725ea/projects/NIIET-BB-K1921VK035/blinky/app/led.c.obj
                0x00006ea8                Led_Pin_Init
 .text.Led_Pin_ON
                0x00006ee4       0x14 CMakeFiles/blinky.elf.dir/665cb2cdd5c880f78f367d28651725ea/projects/NIIET-BB-K1921VK035/blinky/app/led.c.obj
                0x00006ee4                Led_Pin_ON
 .text.Led_Pin_OFF
                0x00006ef8       0x14 CMakeFiles/blinky.elf.dir/665cb2cdd5c880f78f367d28651725ea/projects/NIIET-BB-K1921VK035/blinky/app/led.c.obj
                0x00006ef8                Led_Pin_OFF
 .text.Led_Pin_Toggle
                0x00006f0c       0x10 CMakeFiles/blinky.elf.dir/665cb2cdd5c880f78f367d28651725ea/projects/NIIET-BB-K1921VK035/blinky/app/led.c.obj
                0x00006f0c                Led_Pin_Toggle
 .text.Timer0_Init
                0x00006f1c       0x48 CMakeFiles/blinky.elf.dir/665cb2cdd5c880f78f367d28651725ea/projects/NIIET-BB-K1921VK035/blinky/app/main.c.obj
 .text.Timer1_Init
                0x00006f64       0x48 CMakeFiles/blinky.elf.dir/665cb2cdd5c880f78f367d28651725ea/projects/NIIET-BB-K1921VK035/blinky/app/main.c.obj
 .text.GPIO_Init
                0x00006fac       0xb0 CMakeFiles/blinky.elf.dir/665cb2cdd5c880f78f367d28651725ea/projects/NIIET-BB-K1921VK035/blinky/app/main.c.obj
 .text.SysTick_Handler
                0x0000705c       0x10 CMakeFiles/blinky.elf.dir/665cb2cdd5c880f78f367d28651725ea/projects/NIIET-BB-K1921VK035/blinky/app/main.c.obj
                0x0000705c                SysTick_Handler
 .text.GPIOA_IRQHandler
                0x0000706c       0x38 CMakeFiles/blinky.elf.dir/665cb2cdd5c880f78f367d28651725ea/projects/NIIET-BB-K1921VK035/blinky/app/main.c.obj
                0x0000706c                GPIOA_IRQHandler
 .text.TMR0_IRQHandler
                0x000070a4       0x20 CMakeFiles/blinky.elf.dir/665cb2cdd5c880f78f367d28651725ea/projects/NIIET-BB-K1921VK035/blinky/app/main.c.obj
                0x000070a4                TMR0_IRQHandler
 .text.Timer_Delay_Ticks
                0x000070c4       0x30 CMakeFiles/blinky.elf.dir/665cb2cdd5c880f78f367d28651725ea/projects/NIIET-BB-K1921VK035/blinky/app/main.c.obj
                0x000070c4                Timer_Delay_Ticks
 .text.Timer_Delay_Ticks_NoneBLocking
                0x000070f4       0x20 CMakeFiles/blinky.elf.dir/665cb2cdd5c880f78f367d28651725ea/projects/NIIET-BB-K1921VK035/blinky/app/main.c.obj
                0x000070f4                Timer_Delay_Ticks_NoneBLocking
 .text.TMR1_IRQHandler
                0x00007114       0x20 CMakeFiles/blinky.elf.dir/665cb2cdd5c880f78f367d28651725ea/projects/NIIET-BB-K1921VK035/blinky/app/main.c.obj
                0x00007114                TMR1_IRQHandler
 .text.ProcessCommand
                0x00007134      0x124 CMakeFiles/blinky.elf.dir/665cb2cdd5c880f78f367d28651725ea/projects/NIIET-BB-K1921VK035/blinky/app/main.c.obj
                0x00007134                ProcessCommand
 .text.HandleEventDS18B20
                0x00007258       0xb8 CMakeFiles/blinky.elf.dir/665cb2cdd5c880f78f367d28651725ea/projects/NIIET-BB-K1921VK035/blinky/app/main.c.obj
                0x00007258                HandleEventDS18B20
 .text.selectMode
                0x00007310       0x40 CMakeFiles/blinky.elf.dir/665cb2cdd5c880f78f367d28651725ea/projects/NIIET-BB-K1921VK035/blinky/app/main.c.obj
                0x00007310                selectMode
 .text.Error_Handler
                0x00007350       0x1c CMakeFiles/blinky.elf.dir/665cb2cdd5c880f78f367d28651725ea/projects/NIIET-BB-K1921VK035/blinky/app/main.c.obj
                0x00007350                Error_Handler
 .text.HandleModeDS18B20
                0x0000736c       0xb8 CMakeFiles/blinky.elf.dir/665cb2cdd5c880f78f367d28651725ea/projects/NIIET-BB-K1921VK035/blinky/app/main.c.obj
                0x0000736c                HandleModeDS18B20
 *fill*         0x00007424        0x4 
 .text.main     0x00007428      0x168 CMakeFiles/blinky.elf.dir/665cb2cdd5c880f78f367d28651725ea/projects/NIIET-BB-K1921VK035/blinky/app/main.c.obj
                0x00007428                main
 .text.SystemCoreClockUpdate
                0x00007590       0x8c CMakeFiles/blinky.elf.dir/99ca56b1d2d790d692bd11fb324f63ef/NIIET-BB-K1921VK035/blinky/app/system_K1921VK035.c.obj
                0x00007590                SystemCoreClockUpdate
 .text.ClkInit  0x0000761c       0xb0 CMakeFiles/blinky.elf.dir/99ca56b1d2d790d692bd11fb324f63ef/NIIET-BB-K1921VK035/blinky/app/system_K1921VK035.c.obj
                0x0000761c                ClkInit
 .text.FPUInit  0x000076cc       0x18 CMakeFiles/blinky.elf.dir/99ca56b1d2d790d692bd11fb324f63ef/NIIET-BB-K1921VK035/blinky/app/system_K1921VK035.c.obj
                0x000076cc                FPUInit
 .text.SystemInit
                0x000076e4       0x14 CMakeFiles/blinky.elf.dir/99ca56b1d2d790d692bd11fb324f63ef/NIIET-BB-K1921VK035/blinky/app/system_K1921VK035.c.obj
                0x000076e4                SystemInit
 .text.User_UartInit
                0x000076f8       0xa8 CMakeFiles/blinky.elf.dir/665cb2cdd5c880f78f367d28651725ea/projects/NIIET-BB-K1921VK035/blinky/app/uart.c.obj
                0x000076f8                User_UartInit
 .text.USB_UART_Init
                0x000077a0       0x6c CMakeFiles/blinky.elf.dir/665cb2cdd5c880f78f367d28651725ea/projects/NIIET-BB-K1921VK035/blinky/app/uart.c.obj
                0x000077a0                USB_UART_Init
 .text.UART1_RX_IRQHandler
                0x0000780c       0x4c CMakeFiles/blinky.elf.dir/665cb2cdd5c880f78f367d28651725ea/projects/NIIET-BB-K1921VK035/blinky/app/uart.c.obj
                0x0000780c                UART1_RX_IRQHandler
 .text          0x00007858       0x54 CMakeFiles/blinky.elf.dir/7be9e89345f91d1c34828d88d787f678/NIIET/K1921VK035/Source/GCC/startup_K1921VK035.S.obj
                0x00007858                Reset_Handler
                0x000078a8                DebugMon_Handler
                0x000078a8                CAN5_IRQHandler
                0x000078a8                HardFault_Handler
                0x000078a8                GPIOB_IRQHandler
                0x000078a8                QEP_IRQHandler
                0x000078a8                PWM1_IRQHandler
                0x000078a8                PWM2_HD_IRQHandler
                0x000078a8                PendSV_Handler
                0x000078a8                NMI_Handler
                0x000078a8                ADC_SEQ1_IRQHandler
                0x000078a8                CAN1_IRQHandler
                0x000078a8                DMA_CH9_IRQHandler
                0x000078a8                DMA_CH12_IRQHandler
                0x000078a8                ADC_SEQ0_IRQHandler
                0x000078a8                UART0_TD_IRQHandler
                0x000078a8                DMA_CH4_IRQHandler
                0x000078a8                DMA_CH10_IRQHandler
                0x000078a8                ECAP2_IRQHandler
                0x000078a8                FPU_IRQHandler
                0x000078a8                DMA_CH2_IRQHandler
                0x000078a8                CAN3_IRQHandler
                0x000078a8                UsageFault_Handler
                0x000078a8                MFLASH_IRQHandler
                0x000078a8                DMA_CH1_IRQHandler
                0x000078a8                CAN11_IRQHandler
                0x000078a8                UART1_TD_IRQHandler
                0x000078a8                UART0_TX_IRQHandler
                0x000078a8                UART1_TX_IRQHandler
                0x000078a8                UART0_E_RT_IRQHandler
                0x000078a8                DMA_CH11_IRQHandler
                0x000078a8                UART0_RX_IRQHandler
                0x000078a8                PWM2_IRQHandler
                0x000078a8                Default_Handler
                0x000078a8                DMA_CH15_IRQHandler
                0x000078a8                SPI_RX_IRQHandler
                0x000078a8                DMA_CH14_IRQHandler
                0x000078a8                PWM0_HD_IRQHandler
                0x000078a8                TMR2_IRQHandler
                0x000078a8                CAN13_IRQHandler
                0x000078a8                ECAP0_IRQHandler
                0x000078a8                PWM1_TZ_IRQHandler
                0x000078a8                SPI_RO_RT_IRQHandler
                0x000078a8                DMA_CH7_IRQHandler
                0x000078a8                UART1_E_RT_IRQHandler
                0x000078a8                CAN14_IRQHandler
                0x000078a8                I2C_IRQHandler
                0x000078a8                MemManage_Handler
                0x000078a8                CAN6_IRQHandler
                0x000078a8                WDT_IRQHandler
                0x000078a8                SVC_Handler
                0x000078a8                DMA_CH13_IRQHandler
                0x000078a8                CAN8_IRQHandler
                0x000078a8                SPI_TX_IRQHandler
                0x000078a8                DMA_CH8_IRQHandler
                0x000078a8                PWM1_HD_IRQHandler
                0x000078a8                ADC_DC_IRQHandler
                0x000078a8                PWM0_IRQHandler
                0x000078a8                CAN10_IRQHandler
                0x000078a8                CAN0_IRQHandler
                0x000078a8                CAN15_IRQHandler
                0x000078a8                TMR3_IRQHandler
                0x000078a8                RCU_IRQHandler
                0x000078a8                PWM2_TZ_IRQHandler
                0x000078a8                CAN9_IRQHandler
                0x000078a8                PWM0_TZ_IRQHandler
                0x000078a8                DMA_CH6_IRQHandler
                0x000078a8                DMA_CH3_IRQHandler
                0x000078a8                ECAP1_IRQHandler
                0x000078a8                CAN7_IRQHandler
                0x000078a8                CAN4_IRQHandler
                0x000078a8                BusFault_Handler
                0x000078a8                DMA_CH0_IRQHandler
                0x000078a8                DMA_CH5_IRQHandler
 .text._write   0x000078ac       0x30 CMakeFiles/blinky.elf.dir/665cb2cdd5c880f78f367d28651725ea/platform/retarget/retarget.c.obj
                0x000078ac                _write
 .text._read    0x000078dc       0x2c CMakeFiles/blinky.elf.dir/665cb2cdd5c880f78f367d28651725ea/platform/retarget/retarget.c.obj
                0x000078dc                _read
 .text          0x00007908      0x378 C:/msys64/mingw64/bin/../lib/gcc/arm-none-eabi/13.3.0/thumb/v7e-m+fp/hard\libgcc.a(_arm_addsubdf3.o)
                0x00007908                __aeabi_drsub
                0x00007910                __aeabi_dsub
                0x00007910                __subdf3
                0x00007914                __aeabi_dadd
                0x00007914                __adddf3
                0x00007b8c                __floatunsidf
                0x00007b8c                __aeabi_ui2d
                0x00007bac                __floatsidf
                0x00007bac                __aeabi_i2d
                0x00007bd0                __aeabi_f2d
                0x00007bd0                __extendsfdf2
                0x00007c14                __floatundidf
                0x00007c14                __aeabi_ul2d
                0x00007c24                __floatdidf
                0x00007c24                __aeabi_l2d
 .text          0x00007c80      0x424 C:/msys64/mingw64/bin/../lib/gcc/arm-none-eabi/13.3.0/thumb/v7e-m+fp/hard\libgcc.a(_arm_muldivdf3.o)
                0x00007c80                __aeabi_dmul
                0x00007c80                __muldf3
                0x00007ed4                __divdf3
                0x00007ed4                __aeabi_ddiv
 .text          0x000080a4      0x110 C:/msys64/mingw64/bin/../lib/gcc/arm-none-eabi/13.3.0/thumb/v7e-m+fp/hard\libgcc.a(_arm_cmpdf2.o)
                0x000080a4                __gtdf2
                0x000080a4                __gedf2
                0x000080ac                __ltdf2
                0x000080ac                __ledf2
                0x000080b4                __nedf2
                0x000080b4                __eqdf2
                0x000080b4                __cmpdf2
                0x00008130                __aeabi_cdrcmple
                0x00008140                __aeabi_cdcmpeq
                0x00008140                __aeabi_cdcmple
                0x00008150                __aeabi_dcmpeq
                0x00008164                __aeabi_dcmplt
                0x00008178                __aeabi_dcmple
                0x0000818c                __aeabi_dcmpge
                0x000081a0                __aeabi_dcmpgt
 .text          0x000081b4       0x2c C:/msys64/mingw64/bin/../lib/gcc/arm-none-eabi/13.3.0/thumb/v7e-m+fp/hard\libgcc.a(_arm_unorddf2.o)
                0x000081b4                __unorddf2
                0x000081b4                __aeabi_dcmpun
 .text          0x000081e0       0x50 C:/msys64/mingw64/bin/../lib/gcc/arm-none-eabi/13.3.0/thumb/v7e-m+fp/hard\libgcc.a(_arm_fixdfsi.o)
                0x000081e0                __aeabi_d2iz
                0x000081e0                __fixdfsi
 .text          0x00008230       0x40 C:/msys64/mingw64/bin/../lib/gcc/arm-none-eabi/13.3.0/thumb/v7e-m+fp/hard\libgcc.a(_arm_fixunsdfsi.o)
                0x00008230                __aeabi_d2uiz
                0x00008230                __fixunsdfsi
 .text          0x00008270       0xa0 C:/msys64/mingw64/bin/../lib/gcc/arm-none-eabi/13.3.0/thumb/v7e-m+fp/hard\libgcc.a(_arm_truncdfsf2.o)
                0x00008270                __truncdfsf2
                0x00008270                __aeabi_d2f
 .text.__fixdfdi
                0x00008310       0x2e C:/msys64/mingw64/bin/../lib/gcc/arm-none-eabi/13.3.0/thumb/v7e-m+fp/hard\libgcc.a(_fixdfdi.o)
                0x00008310                __fixdfdi
                0x00008310                __aeabi_d2lz
 *fill*         0x0000833e        0x2 
 .text.__fixunsdfdi
                0x00008340       0x3c C:/msys64/mingw64/bin/../lib/gcc/arm-none-eabi/13.3.0/thumb/v7e-m+fp/hard\libgcc.a(_fixunsdfdi.o)
                0x00008340                __fixunsdfdi
                0x00008340                __aeabi_d2ulz
 .text          0x0000837c       0x48 C:/msys64/mingw64/bin/../lib/gcc/arm-none-eabi/13.3.0/../../../../arm-none-eabi/lib/thumb/v7e-m+fp/hard\libg_nano.a(libc_a-printf.o)
                0x0000837c                _printf_r
                0x0000837c                _iprintf_r
                0x0000839c                iprintf
                0x0000839c                printf
 .text          0x000083c4       0x10 C:/msys64/mingw64/bin/../lib/gcc/arm-none-eabi/13.3.0/../../../../arm-none-eabi/lib/thumb/v7e-m+fp/hard\libnosys.a(close.o)
                0x000083c4                _close
 .text          0x000083d4       0x10 C:/msys64/mingw64/bin/../lib/gcc/arm-none-eabi/13.3.0/../../../../arm-none-eabi/lib/thumb/v7e-m+fp/hard\libnosys.a(fstat.o)
                0x000083d4                _fstat
 .text          0x000083e4       0x10 C:/msys64/mingw64/bin/../lib/gcc/arm-none-eabi/13.3.0/../../../../arm-none-eabi/lib/thumb/v7e-m+fp/hard\libnosys.a(getpid.o)
                0x000083e4                _getpid
 .text          0x000083f4       0x10 C:/msys64/mingw64/bin/../lib/gcc/arm-none-eabi/13.3.0/../../../../arm-none-eabi/lib/thumb/v7e-m+fp/hard\libnosys.a(isatty.o)
                0x000083f4                _isatty
 .text          0x00008404       0x10 C:/msys64/mingw64/bin/../lib/gcc/arm-none-eabi/13.3.0/../../../../arm-none-eabi/lib/thumb/v7e-m+fp/hard\libnosys.a(kill.o)
                0x00008404                _kill
 .text          0x00008414       0x10 C:/msys64/mingw64/bin/../lib/gcc/arm-none-eabi/13.3.0/../../../../arm-none-eabi/lib/thumb/v7e-m+fp/hard\libnosys.a(lseek.o)
                0x00008414                _lseek
 .text          0x00008424       0x1c C:/msys64/mingw64/bin/../lib/gcc/arm-none-eabi/13.3.0/../../../../arm-none-eabi/lib/thumb/v7e-m+fp/hard\libnosys.a(sbrk.o)
                0x00008424                _sbrk
 .text          0x00008440        0x4 C:/msys64/mingw64/bin/../lib/gcc/arm-none-eabi/13.3.0/../../../../arm-none-eabi/lib/thumb/v7e-m+fp/hard\libnosys.a(_exit.o)
                0x00008440                _exit
 *(.init)
 .init          0x00008444        0x4 C:/msys64/mingw64/bin/../lib/gcc/arm-none-eabi/13.3.0/thumb/v7e-m+fp/hard/crti.o
                0x00008444                _init
 .init          0x00008448        0x8 C:/msys64/mingw64/bin/../lib/gcc/arm-none-eabi/13.3.0/thumb/v7e-m+fp/hard/crtn.o
 *(.fini)
 .fini          0x00008450        0x4 C:/msys64/mingw64/bin/../lib/gcc/arm-none-eabi/13.3.0/thumb/v7e-m+fp/hard/crti.o
                0x00008450                _fini
 .fini          0x00008454        0x8 C:/msys64/mingw64/bin/../lib/gcc/arm-none-eabi/13.3.0/thumb/v7e-m+fp/hard/crtn.o
 *crtbegin.o(.ctors)
 *crtbegin?.o(.ctors)
 *(EXCLUDE_FILE(*crtend.o *crtend?.o) .ctors)
 *(SORT_BY_NAME(.ctors.*))
 *(.ctors)
 *crtbegin.o(.dtors)
 *crtbegin?.o(.dtors)
 *(EXCLUDE_FILE(*crtend.o *crtend?.o) .dtors)
 *(SORT_BY_NAME(.dtors.*))
 *(.dtors)
 *(.rodata*)
 .rodata.str1.4
                0x0000845c      0x32f C:/msys64/mingw64/bin/../lib/gcc/arm-none-eabi/13.3.0/../../../../arm-none-eabi/lib/thumb/v7e-m+fp/hard\libc_nano.a(libc_a-nano-vfprintf_float.o)
                                 0x12 (size before relaxing)
 .rodata.str1.4
                0x0000878b        0x0 C:/msys64/mingw64/bin/../lib/gcc/arm-none-eabi/13.3.0/../../../../arm-none-eabi/lib/thumb/v7e-m+fp/hard\libc_nano.a(libc_a-nano-vfprintf_i.o)
                                 0x25 (size before relaxing)
 .rodata.str1.4
                0x0000878b        0x0 C:/msys64/mingw64/bin/../lib/gcc/arm-none-eabi/13.3.0/../../../../arm-none-eabi/lib/thumb/v7e-m+fp/hard\libc_nano.a(libc_a-nano-vfscanf_float.o)
                                  0x9 (size before relaxing)
 .rodata.str1.4
                0x0000878b        0x0 C:/msys64/mingw64/bin/../lib/gcc/arm-none-eabi/13.3.0/../../../../arm-none-eabi/lib/thumb/v7e-m+fp/hard\libc_nano.a(libc_a-dtoa.o)
                                 0x79 (size before relaxing)
 .rodata.str1.4
                0x0000878b        0x0 C:/msys64/mingw64/bin/../lib/gcc/arm-none-eabi/13.3.0/../../../../arm-none-eabi/lib/thumb/v7e-m+fp/hard\libc_nano.a(libc_a-mprec.o)
                                 0x65 (size before relaxing)
 *fill*         0x0000878b        0x5 
 .rodata        0x00008790      0x128 C:/msys64/mingw64/bin/../lib/gcc/arm-none-eabi/13.3.0/../../../../arm-none-eabi/lib/thumb/v7e-m+fp/hard\libc_nano.a(libc_a-mprec.o)
                0x000087a0                __mprec_tens
                0x00008868                __mprec_tinytens
                0x00008890                __mprec_bigtens
 .rodata.str1.4
                0x000088b8        0x0 C:/msys64/mingw64/bin/../lib/gcc/arm-none-eabi/13.3.0/../../../../arm-none-eabi/lib/thumb/v7e-m+fp/hard\libc_nano.a(libc_a-strtod.o)
                                 0x15 (size before relaxing)
 .rodata        0x000088b8       0x50 C:/msys64/mingw64/bin/../lib/gcc/arm-none-eabi/13.3.0/../../../../arm-none-eabi/lib/thumb/v7e-m+fp/hard\libc_nano.a(libc_a-strtod.o)
 .rodata        0x00008908      0x101 C:/msys64/mingw64/bin/../lib/gcc/arm-none-eabi/13.3.0/../../../../arm-none-eabi/lib/thumb/v7e-m+fp/hard\libc_nano.a(libc_a-ctype_.o)
                0x00008908                _ctype_
 .rodata.str1.4
                0x00008a09        0x0 C:/msys64/mingw64/bin/../lib/gcc/arm-none-eabi/13.3.0/../../../../arm-none-eabi/lib/thumb/v7e-m+fp/hard\libc_nano.a(libc_a-nano-svfprintf.o)
                                 0x13 (size before relaxing)
 .rodata.str1.4
                0x00008a09        0x0 C:/msys64/mingw64/bin/../lib/gcc/arm-none-eabi/13.3.0/../../../../arm-none-eabi/lib/thumb/v7e-m+fp/hard\libc_nano.a(libc_a-locale.o)
                                 0x12 (size before relaxing)
 .rodata.str1.4
                0x00008a09        0x0 C:/msys64/mingw64/bin/../lib/gcc/arm-none-eabi/13.3.0/../../../../arm-none-eabi/lib/thumb/v7e-m+fp/hard\libc_nano.a(libc_a-assert.o)
                                 0x43 (size before relaxing)
 .rodata.str1.4
                0x00008a09        0x0 C:/msys64/mingw64/bin/../lib/gcc/arm-none-eabi/13.3.0/../../../../arm-none-eabi/lib/thumb/v7e-m+fp/hard\libc_nano.a(libc_a-gdtoa-gethex.o)
                                 0x5b (size before relaxing)
 *fill*         0x00008a09        0x3 
 .rodata        0x00008a0c      0x100 C:/msys64/mingw64/bin/../lib/gcc/arm-none-eabi/13.3.0/../../../../arm-none-eabi/lib/thumb/v7e-m+fp/hard\libc_nano.a(libc_a-gdtoa-gethex.o)
                0x00008a0c                __hexdig
 .rodata.str1.4
                0x00008b0c        0x0 C:/msys64/mingw64/bin/../lib/gcc/arm-none-eabi/13.3.0/../../../../arm-none-eabi/lib/thumb/v7e-m+fp/hard\libc_nano.a(libc_a-nano-vfprintf.o)
                                 0x13 (size before relaxing)
 .rodata.CAN2_IRQHandler.str1.4
                0x00008b0c        0x0 CMakeFiles/blinky.elf.dir/665cb2cdd5c880f78f367d28651725ea/projects/NIIET-BB-K1921VK035/blinky/app/can.c.obj
                                 0x16 (size before relaxing)
 .rodata.CAN_Handler.str1.4
                0x00008b0c        0x0 CMakeFiles/blinky.elf.dir/665cb2cdd5c880f78f367d28651725ea/projects/NIIET-BB-K1921VK035/blinky/app/can.c.obj
                                 0x18 (size before relaxing)
 .rodata.DS18B20_Reset.str1.4
                0x00008b0c        0x0 CMakeFiles/blinky.elf.dir/665cb2cdd5c880f78f367d28651725ea/projects/NIIET-BB-K1921VK035/blinky/app/ds18b20.c.obj
                                 0x16 (size before relaxing)
 .rodata.DS18B20_SendMessage.str1.4
                0x00008b0c        0x0 CMakeFiles/blinky.elf.dir/665cb2cdd5c880f78f367d28651725ea/projects/NIIET-BB-K1921VK035/blinky/app/ds18b20.c.obj
                                 0x20 (size before relaxing)
 .rodata.DS18B20_SendMessage_CAN.str1.4
                0x00008b0c        0x0 CMakeFiles/blinky.elf.dir/665cb2cdd5c880f78f367d28651725ea/projects/NIIET-BB-K1921VK035/blinky/app/ds18b20.c.obj
                                 0x1f (size before relaxing)
 .rodata.ProcessCommand.str1.4
                0x00008b0c        0x0 CMakeFiles/blinky.elf.dir/665cb2cdd5c880f78f367d28651725ea/projects/NIIET-BB-K1921VK035/blinky/app/main.c.obj
                                 0xa6 (size before relaxing)
 .rodata.selectMode.str1.4
                0x00008b0c        0x0 CMakeFiles/blinky.elf.dir/665cb2cdd5c880f78f367d28651725ea/projects/NIIET-BB-K1921VK035/blinky/app/main.c.obj
                                 0x3c (size before relaxing)
 .rodata.main.str1.4
                0x00008b0c        0x0 CMakeFiles/blinky.elf.dir/665cb2cdd5c880f78f367d28651725ea/projects/NIIET-BB-K1921VK035/blinky/app/main.c.obj
                                 0x2b (size before relaxing)
 *(.eh_frame*)
 .eh_frame      0x00008b0c        0x0 C:/msys64/mingw64/bin/../lib/gcc/arm-none-eabi/13.3.0/thumb/v7e-m+fp/hard/crtbegin.o
 .eh_frame      0x00008b0c        0x4 C:/msys64/mingw64/bin/../lib/gcc/arm-none-eabi/13.3.0/thumb/v7e-m+fp/hard/crtend.o

.glue_7         0x00008b10        0x0
 .glue_7        0x00008b10        0x0 linker stubs

.glue_7t        0x00008b10        0x0
 .glue_7t       0x00008b10        0x0 linker stubs

.vfp11_veneer   0x00008b10        0x0
 .vfp11_veneer  0x00008b10        0x0 linker stubs

.v4_bx          0x00008b10        0x0
 .v4_bx         0x00008b10        0x0 linker stubs

.iplt           0x00008b10        0x0
 .iplt          0x00008b10        0x0 C:/msys64/mingw64/bin/../lib/gcc/arm-none-eabi/13.3.0/thumb/v7e-m+fp/hard/crtbegin.o

.ARM.extab
 *(.ARM.extab* .gnu.linkonce.armextab.*)
                0x00008b10                        __exidx_start = .

.ARM.exidx      0x00008b10        0x8
 *(.ARM.exidx* .gnu.linkonce.armexidx.*)
 .ARM.exidx     0x00008b10        0x8 C:/msys64/mingw64/bin/../lib/gcc/arm-none-eabi/13.3.0/../../../../arm-none-eabi/lib/thumb/v7e-m+fp/hard/crt0.o
                                 0x10 (size before relaxing)
 .ARM.exidx     0x00008b18        0x0 C:/msys64/mingw64/bin/../lib/gcc/arm-none-eabi/13.3.0/../../../../arm-none-eabi/lib/thumb/v7e-m+fp/hard\libc_nano.a(libc_a-memchr.o)
                                  0x8 (size before relaxing)
 .ARM.exidx     0x00008b18        0x0 C:/msys64/mingw64/bin/../lib/gcc/arm-none-eabi/13.3.0/../../../../arm-none-eabi/lib/thumb/v7e-m+fp/hard\libc_nano.a(libc_a-strlen.o)
                                  0x8 (size before relaxing)
 .ARM.exidx     0x00008b18        0x0 C:/msys64/mingw64/bin/../lib/gcc/arm-none-eabi/13.3.0/../../../../arm-none-eabi/lib/thumb/v7e-m+fp/hard\libc_nano.a(libc_a-memcpy.o)
                                  0x8 (size before relaxing)
                0x00008b18                        __exidx_end = .

.rel.dyn        0x00008b18        0x0
 .rel.iplt      0x00008b18        0x0 C:/msys64/mingw64/bin/../lib/gcc/arm-none-eabi/13.3.0/thumb/v7e-m+fp/hard/crtbegin.o

.copy.table     0x00008b18        0xc
                0x00008b18                        . = ALIGN (0x4)
                0x00008b2c                        __textdata_start__ = LOADADDR (.data)
                0x00008b18                        __copy_table_start__ = .
                0x00008b18        0x4 LONG 0x8b2c __textdata_start__
                0x00008b1c        0x4 LONG 0x20000000 __data_start__
                0x00008b20        0x4 LONG 0x1d8 (__data_end__ - __data_start__)
                0x00008b24                        __copy_table_end__ = .

.zero.table     0x00008b24        0x8
                0x00008b24                        . = ALIGN (0x4)
                0x00008b24                        __zero_table_start__ = .
                0x00008b24        0x4 LONG 0x200001d8 __bss_start__
                0x00008b28        0x4 LONG 0x350 (__bss_end__ - __bss_start__)
                0x00008b2c                        __zero_table_end__ = .

.data           0x20000000      0x1d8 load address 0x00008b2c
                0x20000000                        __data_start__ = .
 *(vtable)
 *(.data*)
 .data          0x20000000        0xc C:/msys64/mingw64/bin/../lib/gcc/arm-none-eabi/13.3.0/../../../../arm-none-eabi/lib/thumb/v7e-m+fp/hard\libc_nano.a(libc_a-findfp.o)
                0x20000000                __sglue
 .data          0x2000000c       0x50 C:/msys64/mingw64/bin/../lib/gcc/arm-none-eabi/13.3.0/../../../../arm-none-eabi/lib/thumb/v7e-m+fp/hard\libc_nano.a(libc_a-impure.o)
                0x2000000c                _impure_ptr
                0x20000010                _impure_data
 .data          0x2000005c        0x4 C:/msys64/mingw64/bin/../lib/gcc/arm-none-eabi/13.3.0/../../../../arm-none-eabi/lib/thumb/v7e-m+fp/hard\libc_nano.a(libc_a-__call_atexit.o)
                0x2000005c                __atexit_recursive_mutex
 .data          0x20000060      0x16c C:/msys64/mingw64/bin/../lib/gcc/arm-none-eabi/13.3.0/../../../../arm-none-eabi/lib/thumb/v7e-m+fp/hard\libc_nano.a(libc_a-locale.o)
                0x20000060                __global_locale
 .data.timerDone
                0x200001cc        0x1 CMakeFiles/blinky.elf.dir/665cb2cdd5c880f78f367d28651725ea/projects/NIIET-BB-K1921VK035/blinky/app/main.c.obj
                0x200001cc                timerDone
 *(.ramfunc*)
                0x200001d0                        . = ALIGN (0x4)
 *fill*         0x200001cd        0x3 
                0x200001d0                        PROVIDE (__preinit_array_start = .)
 *(.preinit_array)
                0x200001d0                        PROVIDE (__preinit_array_end = .)
                0x200001d0                        . = ALIGN (0x4)
                0x200001d0                        PROVIDE (__init_array_start = .)
 *(SORT_BY_NAME(.init_array.*))
 *(.init_array)
 .init_array    0x200001d0        0x4 C:/msys64/mingw64/bin/../lib/gcc/arm-none-eabi/13.3.0/thumb/v7e-m+fp/hard/crtbegin.o
                0x200001d4                        PROVIDE (__init_array_end = .)
                0x200001d4                        . = ALIGN (0x4)
                0x200001d4                        PROVIDE (__fini_array_start = .)
 *(SORT_BY_NAME(.fini_array.*))
 *(.fini_array)
 .fini_array    0x200001d4        0x4 C:/msys64/mingw64/bin/../lib/gcc/arm-none-eabi/13.3.0/thumb/v7e-m+fp/hard/crtbegin.o
                0x200001d8                        PROVIDE (__fini_array_end = .)
 *(.jcr*)
                0x200001d8                        . = ALIGN (0x4)
                0x200001d8                        __data_end__ = .

.igot.plt       0x200001d8        0x0 load address 0x00008d04
 .igot.plt      0x200001d8        0x0 C:/msys64/mingw64/bin/../lib/gcc/arm-none-eabi/13.3.0/thumb/v7e-m+fp/hard/crtbegin.o

.bss            0x200001d8      0x350 load address 0x00008d04
                0x200001d8                        . = ALIGN (0x4)
                0x200001d8                        __bss_start__ = .
 *(.bss*)
 .bss.completed.1
                0x200001d8        0x1 C:/msys64/mingw64/bin/../lib/gcc/arm-none-eabi/13.3.0/thumb/v7e-m+fp/hard/crtbegin.o
 *fill*         0x200001d9        0x3 
 .bss.object.0  0x200001dc       0x18 C:/msys64/mingw64/bin/../lib/gcc/arm-none-eabi/13.3.0/thumb/v7e-m+fp/hard/crtbegin.o
 .bss           0x200001f4      0x13c C:/msys64/mingw64/bin/../lib/gcc/arm-none-eabi/13.3.0/../../../../arm-none-eabi/lib/thumb/v7e-m+fp/hard\libc_nano.a(libc_a-findfp.o)
                0x200001f4                __sf
                0x2000032c                __stdio_exit_handler
 .bss           0x20000330        0x4 C:/msys64/mingw64/bin/../lib/gcc/arm-none-eabi/13.3.0/../../../../arm-none-eabi/lib/thumb/v7e-m+fp/hard\libc_nano.a(libc_a-reent.o)
                0x20000330                errno
 .bss           0x20000334       0x1d C:/msys64/mingw64/bin/../lib/gcc/arm-none-eabi/13.3.0/../../../../arm-none-eabi/lib/thumb/v7e-m+fp/hard\libc_nano.a(libc_a-lock.o)
                0x20000334                __lock___arc4random_mutex
                0x20000338                __lock___dd_hash_mutex
                0x2000033c                __lock___tz_mutex
                0x20000340                __lock___env_recursive_mutex
                0x20000344                __lock___malloc_recursive_mutex
                0x20000348                __lock___at_quick_exit_mutex
                0x2000034c                __lock___atexit_recursive_mutex
                0x20000350                __lock___sfp_recursive_mutex
 *fill*         0x20000351        0x3 
 .bss           0x20000354       0x8c C:/msys64/mingw64/bin/../lib/gcc/arm-none-eabi/13.3.0/../../../../arm-none-eabi/lib/thumb/v7e-m+fp/hard\libc_nano.a(libc_a-__atexit.o)
                0x20000354                __atexit0
 .bss           0x200003e0        0x4 C:/msys64/mingw64/bin/../lib/gcc/arm-none-eabi/13.3.0/../../../../arm-none-eabi/lib/thumb/v7e-m+fp/hard\libc_nano.a(libc_a-__call_atexit.o)
                0x200003e0                __atexit
 .bss           0x200003e4        0x8 C:/msys64/mingw64/bin/../lib/gcc/arm-none-eabi/13.3.0/../../../../arm-none-eabi/lib/thumb/v7e-m+fp/hard\libc_nano.a(libc_a-mallocr.o)
                0x200003e4                __malloc_sbrk_start
                0x200003e8                __malloc_free_list
 .bss.IRQ_COUNT
                0x200003ec        0x4 CMakeFiles/blinky.elf.dir/665cb2cdd5c880f78f367d28651725ea/projects/NIIET-BB-K1921VK035/blinky/app/can.c.obj
 .bss.start     0x200003f0        0x4 CMakeFiles/blinky.elf.dir/665cb2cdd5c880f78f367d28651725ea/projects/NIIET-BB-K1921VK035/blinky/app/ds18b20.c.obj
                0x200003f0                start
 .bss.msticks   0x200003f4        0x4 CMakeFiles/blinky.elf.dir/665cb2cdd5c880f78f367d28651725ea/projects/NIIET-BB-K1921VK035/blinky/app/ds18b20.c.obj
                0x200003f4                msticks
 .bss.last_time.0
                0x200003f8        0x4 CMakeFiles/blinky.elf.dir/665cb2cdd5c880f78f367d28651725ea/projects/NIIET-BB-K1921VK035/blinky/app/main.c.obj
 .bss.flagTMR1  0x200003fc        0x1 CMakeFiles/blinky.elf.dir/665cb2cdd5c880f78f367d28651725ea/projects/NIIET-BB-K1921VK035/blinky/app/main.c.obj
                0x200003fc                flagTMR1
 .bss.gpioFlag  0x200003fd        0x1 CMakeFiles/blinky.elf.dir/665cb2cdd5c880f78f367d28651725ea/projects/NIIET-BB-K1921VK035/blinky/app/main.c.obj
                0x200003fd                gpioFlag
 *fill*         0x200003fe        0x2 
 .bss.SystemCoreClock
                0x20000400        0x4 CMakeFiles/blinky.elf.dir/99ca56b1d2d790d692bd11fb324f63ef/NIIET-BB-K1921VK035/blinky/app/system_K1921VK035.c.obj
                0x20000400                SystemCoreClock
 .bss.processCommandFlag
                0x20000404        0x1 CMakeFiles/blinky.elf.dir/665cb2cdd5c880f78f367d28651725ea/projects/NIIET-BB-K1921VK035/blinky/app/uart.c.obj
                0x20000404                processCommandFlag
 *fill*         0x20000405        0x3 
 .bss.packet_buffer
                0x20000408      0x100 CMakeFiles/blinky.elf.dir/665cb2cdd5c880f78f367d28651725ea/projects/NIIET-BB-K1921VK035/blinky/app/uart.c.obj
                0x20000408                packet_buffer
 .bss.packet_index
                0x20000508        0x1 CMakeFiles/blinky.elf.dir/665cb2cdd5c880f78f367d28651725ea/projects/NIIET-BB-K1921VK035/blinky/app/uart.c.obj
                0x20000508                packet_index
 .bss.packet_received
                0x20000509        0x1 CMakeFiles/blinky.elf.dir/665cb2cdd5c880f78f367d28651725ea/projects/NIIET-BB-K1921VK035/blinky/app/uart.c.obj
                0x20000509                packet_received
 *fill*         0x2000050a        0x2 
 .bss.huart1    0x2000050c       0x18 CMakeFiles/blinky.elf.dir/665cb2cdd5c880f78f367d28651725ea/projects/NIIET-BB-K1921VK035/blinky/app/uart.c.obj
                0x2000050c                huart1
 .bss           0x20000524        0x4 C:/msys64/mingw64/bin/../lib/gcc/arm-none-eabi/13.3.0/../../../../arm-none-eabi/lib/thumb/v7e-m+fp/hard\libnosys.a(sbrk.o)
 *(COMMON)
                0x20000528                        . = ALIGN (0x4)
                0x20000528                        __bss_end__ = .

.heap           0x20000528        0x0 load address 0x00008d04
                0x20000528                        __end__ = .
                0x20000528                        PROVIDE (end = .)
 *(.heap*)
 .heap          0x20000528        0x0 CMakeFiles/blinky.elf.dir/7be9e89345f91d1c34828d88d787f678/NIIET/K1921VK035/Source/GCC/startup_K1921VK035.S.obj
                0x20000528                        __HeapLimit = .

.stack_dummy    0x20000528      0xc00 load address 0x00008d04
 *(.stack*)
 .stack         0x20000528      0xc00 CMakeFiles/blinky.elf.dir/7be9e89345f91d1c34828d88d787f678/NIIET/K1921VK035/Source/GCC/startup_K1921VK035.S.obj
                0x20004000                        __StackTop = (ORIGIN (STACK_RAM) + LENGTH (STACK_RAM))
                0x20003400                        __StackLimit = (__StackTop - SIZEOF (.stack_dummy))
                0x20004000                        PROVIDE (__stack = __StackTop)
                0x00000001                        ASSERT ((__StackLimit >= __HeapLimit), region STACK_RAM overflowed with stack)
OUTPUT(blinky.elf elf32-littlearm)
LOAD linker stubs

.ARM.attributes
                0x00000000       0x30
 .ARM.attributes
                0x00000000       0x22 C:/msys64/mingw64/bin/../lib/gcc/arm-none-eabi/13.3.0/thumb/v7e-m+fp/hard/crti.o
 .ARM.attributes
                0x00000022       0x34 C:/msys64/mingw64/bin/../lib/gcc/arm-none-eabi/13.3.0/thumb/v7e-m+fp/hard/crtbegin.o
 .ARM.attributes
                0x00000056       0x20 C:/msys64/mingw64/bin/../lib/gcc/arm-none-eabi/13.3.0/../../../../arm-none-eabi/lib/thumb/v7e-m+fp/hard/crt0.o
 .ARM.attributes
                0x00000076       0x34 C:/msys64/mingw64/bin/../lib/gcc/arm-none-eabi/13.3.0/../../../../arm-none-eabi/lib/thumb/v7e-m+fp/hard\libc_nano.a(libc_a-atexit.o)
 .ARM.attributes
                0x000000aa       0x34 C:/msys64/mingw64/bin/../lib/gcc/arm-none-eabi/13.3.0/../../../../arm-none-eabi/lib/thumb/v7e-m+fp/hard\libc_nano.a(libc_a-exit.o)
 .ARM.attributes
                0x000000de       0x34 C:/msys64/mingw64/bin/../lib/gcc/arm-none-eabi/13.3.0/../../../../arm-none-eabi/lib/thumb/v7e-m+fp/hard\libc_nano.a(libc_a-nano-vfprintf_float.o)
 .ARM.attributes
                0x00000112       0x34 C:/msys64/mingw64/bin/../lib/gcc/arm-none-eabi/13.3.0/../../../../arm-none-eabi/lib/thumb/v7e-m+fp/hard\libc_nano.a(libc_a-nano-vfprintf_i.o)
 .ARM.attributes
                0x00000146       0x34 C:/msys64/mingw64/bin/../lib/gcc/arm-none-eabi/13.3.0/../../../../arm-none-eabi/lib/thumb/v7e-m+fp/hard\libc_nano.a(libc_a-nano-vfscanf_float.o)
 .ARM.attributes
                0x0000017a       0x34 C:/msys64/mingw64/bin/../lib/gcc/arm-none-eabi/13.3.0/../../../../arm-none-eabi/lib/thumb/v7e-m+fp/hard\libc_nano.a(libc_a-findfp.o)
 .ARM.attributes
                0x000001ae       0x34 C:/msys64/mingw64/bin/../lib/gcc/arm-none-eabi/13.3.0/../../../../arm-none-eabi/lib/thumb/v7e-m+fp/hard\libc_nano.a(libc_a-fwalk.o)
 .ARM.attributes
                0x000001e2       0x34 C:/msys64/mingw64/bin/../lib/gcc/arm-none-eabi/13.3.0/../../../../arm-none-eabi/lib/thumb/v7e-m+fp/hard\libc_nano.a(libc_a-sprintf.o)
 .ARM.attributes
                0x00000216       0x34 C:/msys64/mingw64/bin/../lib/gcc/arm-none-eabi/13.3.0/../../../../arm-none-eabi/lib/thumb/v7e-m+fp/hard\libc_nano.a(libc_a-stdio.o)
 .ARM.attributes
                0x0000024a       0x34 C:/msys64/mingw64/bin/../lib/gcc/arm-none-eabi/13.3.0/../../../../arm-none-eabi/lib/thumb/v7e-m+fp/hard\libc_nano.a(libc_a-memset.o)
 .ARM.attributes
                0x0000027e       0x34 C:/msys64/mingw64/bin/../lib/gcc/arm-none-eabi/13.3.0/../../../../arm-none-eabi/lib/thumb/v7e-m+fp/hard\libc_nano.a(libc_a-localeconv.o)
 .ARM.attributes
                0x000002b2       0x34 C:/msys64/mingw64/bin/../lib/gcc/arm-none-eabi/13.3.0/../../../../arm-none-eabi/lib/thumb/v7e-m+fp/hard\libc_nano.a(libc_a-closer.o)
 .ARM.attributes
                0x000002e6       0x34 C:/msys64/mingw64/bin/../lib/gcc/arm-none-eabi/13.3.0/../../../../arm-none-eabi/lib/thumb/v7e-m+fp/hard\libc_nano.a(libc_a-reent.o)
 .ARM.attributes
                0x0000031a       0x34 C:/msys64/mingw64/bin/../lib/gcc/arm-none-eabi/13.3.0/../../../../arm-none-eabi/lib/thumb/v7e-m+fp/hard\libc_nano.a(libc_a-impure.o)
 .ARM.attributes
                0x0000034e       0x34 C:/msys64/mingw64/bin/../lib/gcc/arm-none-eabi/13.3.0/../../../../arm-none-eabi/lib/thumb/v7e-m+fp/hard\libc_nano.a(libc_a-lseekr.o)
 .ARM.attributes
                0x00000382       0x34 C:/msys64/mingw64/bin/../lib/gcc/arm-none-eabi/13.3.0/../../../../arm-none-eabi/lib/thumb/v7e-m+fp/hard\libc_nano.a(libc_a-readr.o)
 .ARM.attributes
                0x000003b6       0x34 C:/msys64/mingw64/bin/../lib/gcc/arm-none-eabi/13.3.0/../../../../arm-none-eabi/lib/thumb/v7e-m+fp/hard\libc_nano.a(libc_a-writer.o)
 .ARM.attributes
                0x000003ea       0x34 C:/msys64/mingw64/bin/../lib/gcc/arm-none-eabi/13.3.0/../../../../arm-none-eabi/lib/thumb/v7e-m+fp/hard\libc_nano.a(libc_a-init.o)
 .ARM.attributes
                0x0000041e       0x34 C:/msys64/mingw64/bin/../lib/gcc/arm-none-eabi/13.3.0/../../../../arm-none-eabi/lib/thumb/v7e-m+fp/hard\libc_nano.a(libc_a-fini.o)
 .ARM.attributes
                0x00000452       0x34 C:/msys64/mingw64/bin/../lib/gcc/arm-none-eabi/13.3.0/../../../../arm-none-eabi/lib/thumb/v7e-m+fp/hard\libc_nano.a(libc_a-lock.o)
 .ARM.attributes
                0x00000486       0x1c C:/msys64/mingw64/bin/../lib/gcc/arm-none-eabi/13.3.0/../../../../arm-none-eabi/lib/thumb/v7e-m+fp/hard\libc_nano.a(libc_a-memchr.o)
 .ARM.attributes
                0x000004a2       0x1c C:/msys64/mingw64/bin/../lib/gcc/arm-none-eabi/13.3.0/../../../../arm-none-eabi/lib/thumb/v7e-m+fp/hard\libc_nano.a(libc_a-strlen.o)
 .ARM.attributes
                0x000004be       0x34 C:/msys64/mingw64/bin/../lib/gcc/arm-none-eabi/13.3.0/../../../../arm-none-eabi/lib/thumb/v7e-m+fp/hard\libc_nano.a(libm_a-sf_nan.o)
 .ARM.attributes
                0x000004f2       0x34 C:/msys64/mingw64/bin/../lib/gcc/arm-none-eabi/13.3.0/../../../../arm-none-eabi/lib/thumb/v7e-m+fp/hard\libc_nano.a(libc_a-__atexit.o)
 .ARM.attributes
                0x00000526       0x34 C:/msys64/mingw64/bin/../lib/gcc/arm-none-eabi/13.3.0/../../../../arm-none-eabi/lib/thumb/v7e-m+fp/hard\libc_nano.a(libc_a-__call_atexit.o)
 .ARM.attributes
                0x0000055a       0x34 C:/msys64/mingw64/bin/../lib/gcc/arm-none-eabi/13.3.0/../../../../arm-none-eabi/lib/thumb/v7e-m+fp/hard\libc_nano.a(libc_a-dtoa.o)
 .ARM.attributes
                0x0000058e       0x34 C:/msys64/mingw64/bin/../lib/gcc/arm-none-eabi/13.3.0/../../../../arm-none-eabi/lib/thumb/v7e-m+fp/hard\libc_nano.a(libc_a-freer.o)
 .ARM.attributes
                0x000005c2       0x34 C:/msys64/mingw64/bin/../lib/gcc/arm-none-eabi/13.3.0/../../../../arm-none-eabi/lib/thumb/v7e-m+fp/hard\libc_nano.a(libc_a-malloc.o)
 .ARM.attributes
                0x000005f6       0x34 C:/msys64/mingw64/bin/../lib/gcc/arm-none-eabi/13.3.0/../../../../arm-none-eabi/lib/thumb/v7e-m+fp/hard\libc_nano.a(libc_a-mallocr.o)
 .ARM.attributes
                0x0000062a       0x34 C:/msys64/mingw64/bin/../lib/gcc/arm-none-eabi/13.3.0/../../../../arm-none-eabi/lib/thumb/v7e-m+fp/hard\libc_nano.a(libc_a-mlock.o)
 .ARM.attributes
                0x0000065e       0x34 C:/msys64/mingw64/bin/../lib/gcc/arm-none-eabi/13.3.0/../../../../arm-none-eabi/lib/thumb/v7e-m+fp/hard\libc_nano.a(libc_a-mprec.o)
 .ARM.attributes
                0x00000692       0x34 C:/msys64/mingw64/bin/../lib/gcc/arm-none-eabi/13.3.0/../../../../arm-none-eabi/lib/thumb/v7e-m+fp/hard\libc_nano.a(libc_a-strtod.o)
 .ARM.attributes
                0x000006c6       0x34 C:/msys64/mingw64/bin/../lib/gcc/arm-none-eabi/13.3.0/../../../../arm-none-eabi/lib/thumb/v7e-m+fp/hard\libc_nano.a(libc_a-strtol.o)
 .ARM.attributes
                0x000006fa       0x34 C:/msys64/mingw64/bin/../lib/gcc/arm-none-eabi/13.3.0/../../../../arm-none-eabi/lib/thumb/v7e-m+fp/hard\libc_nano.a(libc_a-ctype_.o)
 .ARM.attributes
                0x0000072e       0x34 C:/msys64/mingw64/bin/../lib/gcc/arm-none-eabi/13.3.0/../../../../arm-none-eabi/lib/thumb/v7e-m+fp/hard\libc_nano.a(libc_a-nano-svfprintf.o)
 .ARM.attributes
                0x00000762       0x34 C:/msys64/mingw64/bin/../lib/gcc/arm-none-eabi/13.3.0/../../../../arm-none-eabi/lib/thumb/v7e-m+fp/hard\libc_nano.a(libc_a-fflush.o)
 .ARM.attributes
                0x00000796       0x34 C:/msys64/mingw64/bin/../lib/gcc/arm-none-eabi/13.3.0/../../../../arm-none-eabi/lib/thumb/v7e-m+fp/hard\libc_nano.a(libc_a-memmove.o)
 .ARM.attributes
                0x000007ca       0x34 C:/msys64/mingw64/bin/../lib/gcc/arm-none-eabi/13.3.0/../../../../arm-none-eabi/lib/thumb/v7e-m+fp/hard\libc_nano.a(libc_a-strncmp.o)
 .ARM.attributes
                0x000007fe       0x34 C:/msys64/mingw64/bin/../lib/gcc/arm-none-eabi/13.3.0/../../../../arm-none-eabi/lib/thumb/v7e-m+fp/hard\libc_nano.a(libc_a-locale.o)
 .ARM.attributes
                0x00000832       0x34 C:/msys64/mingw64/bin/../lib/gcc/arm-none-eabi/13.3.0/../../../../arm-none-eabi/lib/thumb/v7e-m+fp/hard\libc_nano.a(libc_a-sbrkr.o)
 .ARM.attributes
                0x00000866       0x34 C:/msys64/mingw64/bin/../lib/gcc/arm-none-eabi/13.3.0/../../../../arm-none-eabi/lib/thumb/v7e-m+fp/hard\libc_nano.a(libc_a-errno.o)
 .ARM.attributes
                0x0000089a       0x20 C:/msys64/mingw64/bin/../lib/gcc/arm-none-eabi/13.3.0/../../../../arm-none-eabi/lib/thumb/v7e-m+fp/hard\libc_nano.a(libc_a-memcpy.o)
 .ARM.attributes
                0x000008ba       0x34 C:/msys64/mingw64/bin/../lib/gcc/arm-none-eabi/13.3.0/../../../../arm-none-eabi/lib/thumb/v7e-m+fp/hard\libc_nano.a(libm_a-s_nan.o)
 .ARM.attributes
                0x000008ee       0x34 C:/msys64/mingw64/bin/../lib/gcc/arm-none-eabi/13.3.0/../../../../arm-none-eabi/lib/thumb/v7e-m+fp/hard\libc_nano.a(libc_a-assert.o)
 .ARM.attributes
                0x00000922       0x34 C:/msys64/mingw64/bin/../lib/gcc/arm-none-eabi/13.3.0/../../../../arm-none-eabi/lib/thumb/v7e-m+fp/hard\libc_nano.a(libc_a-callocr.o)
 .ARM.attributes
                0x00000956       0x34 C:/msys64/mingw64/bin/../lib/gcc/arm-none-eabi/13.3.0/../../../../arm-none-eabi/lib/thumb/v7e-m+fp/hard\libc_nano.a(libc_a-gdtoa-gethex.o)
 .ARM.attributes
                0x0000098a       0x34 C:/msys64/mingw64/bin/../lib/gcc/arm-none-eabi/13.3.0/../../../../arm-none-eabi/lib/thumb/v7e-m+fp/hard\libc_nano.a(libc_a-gdtoa-hexnan.o)
 .ARM.attributes
                0x000009be       0x34 C:/msys64/mingw64/bin/../lib/gcc/arm-none-eabi/13.3.0/../../../../arm-none-eabi/lib/thumb/v7e-m+fp/hard\libc_nano.a(libc_a-mbtowc_r.o)
 .ARM.attributes
                0x000009f2       0x34 C:/msys64/mingw64/bin/../lib/gcc/arm-none-eabi/13.3.0/../../../../arm-none-eabi/lib/thumb/v7e-m+fp/hard\libc_nano.a(libc_a-reallocr.o)
 .ARM.attributes
                0x00000a26       0x34 C:/msys64/mingw64/bin/../lib/gcc/arm-none-eabi/13.3.0/../../../../arm-none-eabi/lib/thumb/v7e-m+fp/hard\libc_nano.a(libc_a-wctomb_r.o)
 .ARM.attributes
                0x00000a5a       0x34 C:/msys64/mingw64/bin/../lib/gcc/arm-none-eabi/13.3.0/../../../../arm-none-eabi/lib/thumb/v7e-m+fp/hard\libc_nano.a(libc_a-fprintf.o)
 .ARM.attributes
                0x00000a8e       0x34 C:/msys64/mingw64/bin/../lib/gcc/arm-none-eabi/13.3.0/../../../../arm-none-eabi/lib/thumb/v7e-m+fp/hard\libc_nano.a(libc_a-abort.o)
 .ARM.attributes
                0x00000ac2       0x34 C:/msys64/mingw64/bin/../lib/gcc/arm-none-eabi/13.3.0/../../../../arm-none-eabi/lib/thumb/v7e-m+fp/hard\libc_nano.a(libc_a-msizer.o)
 .ARM.attributes
                0x00000af6       0x34 C:/msys64/mingw64/bin/../lib/gcc/arm-none-eabi/13.3.0/../../../../arm-none-eabi/lib/thumb/v7e-m+fp/hard\libc_nano.a(libc_a-nano-vfprintf.o)
 .ARM.attributes
                0x00000b2a       0x34 C:/msys64/mingw64/bin/../lib/gcc/arm-none-eabi/13.3.0/../../../../arm-none-eabi/lib/thumb/v7e-m+fp/hard\libc_nano.a(libc_a-fvwrite.o)
 .ARM.attributes
                0x00000b5e       0x34 C:/msys64/mingw64/bin/../lib/gcc/arm-none-eabi/13.3.0/../../../../arm-none-eabi/lib/thumb/v7e-m+fp/hard\libc_nano.a(libc_a-wbuf.o)
 .ARM.attributes
                0x00000b92       0x34 C:/msys64/mingw64/bin/../lib/gcc/arm-none-eabi/13.3.0/../../../../arm-none-eabi/lib/thumb/v7e-m+fp/hard\libc_nano.a(libc_a-wsetup.o)
 .ARM.attributes
                0x00000bc6       0x34 C:/msys64/mingw64/bin/../lib/gcc/arm-none-eabi/13.3.0/../../../../arm-none-eabi/lib/thumb/v7e-m+fp/hard\libc_nano.a(libc_a-signal.o)
 .ARM.attributes
                0x00000bfa       0x34 C:/msys64/mingw64/bin/../lib/gcc/arm-none-eabi/13.3.0/../../../../arm-none-eabi/lib/thumb/v7e-m+fp/hard\libc_nano.a(libc_a-signalr.o)
 .ARM.attributes
                0x00000c2e       0x34 C:/msys64/mingw64/bin/../lib/gcc/arm-none-eabi/13.3.0/../../../../arm-none-eabi/lib/thumb/v7e-m+fp/hard\libc_nano.a(libc_a-makebuf.o)
 .ARM.attributes
                0x00000c62       0x34 C:/msys64/mingw64/bin/../lib/gcc/arm-none-eabi/13.3.0/../../../../arm-none-eabi/lib/thumb/v7e-m+fp/hard\libc_nano.a(libc_a-fstatr.o)
 .ARM.attributes
                0x00000c96       0x34 C:/msys64/mingw64/bin/../lib/gcc/arm-none-eabi/13.3.0/../../../../arm-none-eabi/lib/thumb/v7e-m+fp/hard\libc_nano.a(libc_a-isattyr.o)
 .ARM.attributes
                0x00000cca       0x34 CMakeFiles/blinky.elf.dir/89453849d6d115cef422537725914b7b/retarget/Template/K1921VK035/retarget_conf.c.obj
 .ARM.attributes
                0x00000cfe       0x34 CMakeFiles/blinky.elf.dir/665cb2cdd5c880f78f367d28651725ea/projects/NIIET-BB-K1921VK035/blinky/app/button.c.obj
 .ARM.attributes
                0x00000d32       0x34 CMakeFiles/blinky.elf.dir/665cb2cdd5c880f78f367d28651725ea/projects/NIIET-BB-K1921VK035/blinky/app/can.c.obj
 .ARM.attributes
                0x00000d66       0x34 CMakeFiles/blinky.elf.dir/665cb2cdd5c880f78f367d28651725ea/projects/NIIET-BB-K1921VK035/blinky/app/ds18b20.c.obj
 .ARM.attributes
                0x00000d9a       0x34 CMakeFiles/blinky.elf.dir/665cb2cdd5c880f78f367d28651725ea/projects/NIIET-BB-K1921VK035/blinky/app/led.c.obj
 .ARM.attributes
                0x00000dce       0x34 CMakeFiles/blinky.elf.dir/665cb2cdd5c880f78f367d28651725ea/projects/NIIET-BB-K1921VK035/blinky/app/main.c.obj
 .ARM.attributes
                0x00000e02       0x34 CMakeFiles/blinky.elf.dir/99ca56b1d2d790d692bd11fb324f63ef/NIIET-BB-K1921VK035/blinky/app/system_K1921VK035.c.obj
 .ARM.attributes
                0x00000e36       0x34 CMakeFiles/blinky.elf.dir/665cb2cdd5c880f78f367d28651725ea/projects/NIIET-BB-K1921VK035/blinky/app/uart.c.obj
 .ARM.attributes
                0x00000e6a       0x1c CMakeFiles/blinky.elf.dir/7be9e89345f91d1c34828d88d787f678/NIIET/K1921VK035/Source/GCC/startup_K1921VK035.S.obj
 .ARM.attributes
                0x00000e86       0x34 CMakeFiles/blinky.elf.dir/665cb2cdd5c880f78f367d28651725ea/platform/retarget/retarget.c.obj
 .ARM.attributes
                0x00000eba       0x22 C:/msys64/mingw64/bin/../lib/gcc/arm-none-eabi/13.3.0/thumb/v7e-m+fp/hard\libgcc.a(_arm_addsubdf3.o)
 .ARM.attributes
                0x00000edc       0x22 C:/msys64/mingw64/bin/../lib/gcc/arm-none-eabi/13.3.0/thumb/v7e-m+fp/hard\libgcc.a(_arm_muldivdf3.o)
 .ARM.attributes
                0x00000efe       0x22 C:/msys64/mingw64/bin/../lib/gcc/arm-none-eabi/13.3.0/thumb/v7e-m+fp/hard\libgcc.a(_arm_cmpdf2.o)
 .ARM.attributes
                0x00000f20       0x22 C:/msys64/mingw64/bin/../lib/gcc/arm-none-eabi/13.3.0/thumb/v7e-m+fp/hard\libgcc.a(_arm_unorddf2.o)
 .ARM.attributes
                0x00000f42       0x22 C:/msys64/mingw64/bin/../lib/gcc/arm-none-eabi/13.3.0/thumb/v7e-m+fp/hard\libgcc.a(_arm_fixdfsi.o)
 .ARM.attributes
                0x00000f64       0x22 C:/msys64/mingw64/bin/../lib/gcc/arm-none-eabi/13.3.0/thumb/v7e-m+fp/hard\libgcc.a(_arm_fixunsdfsi.o)
 .ARM.attributes
                0x00000f86       0x22 C:/msys64/mingw64/bin/../lib/gcc/arm-none-eabi/13.3.0/thumb/v7e-m+fp/hard\libgcc.a(_arm_truncdfsf2.o)
 .ARM.attributes
                0x00000fa8       0x34 C:/msys64/mingw64/bin/../lib/gcc/arm-none-eabi/13.3.0/thumb/v7e-m+fp/hard\libgcc.a(_fixdfdi.o)
 .ARM.attributes
                0x00000fdc       0x34 C:/msys64/mingw64/bin/../lib/gcc/arm-none-eabi/13.3.0/thumb/v7e-m+fp/hard\libgcc.a(_fixunsdfdi.o)
 .ARM.attributes
                0x00001010       0x34 C:/msys64/mingw64/bin/../lib/gcc/arm-none-eabi/13.3.0/../../../../arm-none-eabi/lib/thumb/v7e-m+fp/hard\libg_nano.a(libc_a-printf.o)
 .ARM.attributes
                0x00001044       0x34 C:/msys64/mingw64/bin/../lib/gcc/arm-none-eabi/13.3.0/../../../../arm-none-eabi/lib/thumb/v7e-m+fp/hard\libnosys.a(close.o)
 .ARM.attributes
                0x00001078       0x34 C:/msys64/mingw64/bin/../lib/gcc/arm-none-eabi/13.3.0/../../../../arm-none-eabi/lib/thumb/v7e-m+fp/hard\libnosys.a(fstat.o)
 .ARM.attributes
                0x000010ac       0x34 C:/msys64/mingw64/bin/../lib/gcc/arm-none-eabi/13.3.0/../../../../arm-none-eabi/lib/thumb/v7e-m+fp/hard\libnosys.a(getpid.o)
 .ARM.attributes
                0x000010e0       0x34 C:/msys64/mingw64/bin/../lib/gcc/arm-none-eabi/13.3.0/../../../../arm-none-eabi/lib/thumb/v7e-m+fp/hard\libnosys.a(isatty.o)
 .ARM.attributes
                0x00001114       0x34 C:/msys64/mingw64/bin/../lib/gcc/arm-none-eabi/13.3.0/../../../../arm-none-eabi/lib/thumb/v7e-m+fp/hard\libnosys.a(kill.o)
 .ARM.attributes
                0x00001148       0x34 C:/msys64/mingw64/bin/../lib/gcc/arm-none-eabi/13.3.0/../../../../arm-none-eabi/lib/thumb/v7e-m+fp/hard\libnosys.a(lseek.o)
 .ARM.attributes
                0x0000117c       0x34 C:/msys64/mingw64/bin/../lib/gcc/arm-none-eabi/13.3.0/../../../../arm-none-eabi/lib/thumb/v7e-m+fp/hard\libnosys.a(sbrk.o)
 .ARM.attributes
                0x000011b0       0x34 C:/msys64/mingw64/bin/../lib/gcc/arm-none-eabi/13.3.0/../../../../arm-none-eabi/lib/thumb/v7e-m+fp/hard\libnosys.a(_exit.o)
 .ARM.attributes
                0x000011e4       0x34 C:/msys64/mingw64/bin/../lib/gcc/arm-none-eabi/13.3.0/thumb/v7e-m+fp/hard/crtend.o
 .ARM.attributes
                0x00001218       0x22 C:/msys64/mingw64/bin/../lib/gcc/arm-none-eabi/13.3.0/thumb/v7e-m+fp/hard/crtn.o

.comment        0x00000000       0x12
 .comment       0x00000000       0x12 C:/msys64/mingw64/bin/../lib/gcc/arm-none-eabi/13.3.0/../../../../arm-none-eabi/lib/thumb/v7e-m+fp/hard\libc_nano.a(libc_a-atexit.o)
                                 0x13 (size before relaxing)
 .comment       0x00000012        0x0 C:/msys64/mingw64/bin/../lib/gcc/arm-none-eabi/13.3.0/../../../../arm-none-eabi/lib/thumb/v7e-m+fp/hard\libc_nano.a(libc_a-exit.o)
                                 0x13 (size before relaxing)
 .comment       0x00000012        0x0 C:/msys64/mingw64/bin/../lib/gcc/arm-none-eabi/13.3.0/../../../../arm-none-eabi/lib/thumb/v7e-m+fp/hard\libc_nano.a(libc_a-nano-vfprintf_float.o)
                                 0x13 (size before relaxing)
 .comment       0x00000012        0x0 C:/msys64/mingw64/bin/../lib/gcc/arm-none-eabi/13.3.0/../../../../arm-none-eabi/lib/thumb/v7e-m+fp/hard\libc_nano.a(libc_a-nano-vfprintf_i.o)
                                 0x13 (size before relaxing)
 .comment       0x00000012        0x0 C:/msys64/mingw64/bin/../lib/gcc/arm-none-eabi/13.3.0/../../../../arm-none-eabi/lib/thumb/v7e-m+fp/hard\libc_nano.a(libc_a-nano-vfscanf_float.o)
                                 0x13 (size before relaxing)
 .comment       0x00000012        0x0 C:/msys64/mingw64/bin/../lib/gcc/arm-none-eabi/13.3.0/../../../../arm-none-eabi/lib/thumb/v7e-m+fp/hard\libc_nano.a(libc_a-findfp.o)
                                 0x13 (size before relaxing)
 .comment       0x00000012        0x0 C:/msys64/mingw64/bin/../lib/gcc/arm-none-eabi/13.3.0/../../../../arm-none-eabi/lib/thumb/v7e-m+fp/hard\libc_nano.a(libc_a-fwalk.o)
                                 0x13 (size before relaxing)
 .comment       0x00000012        0x0 C:/msys64/mingw64/bin/../lib/gcc/arm-none-eabi/13.3.0/../../../../arm-none-eabi/lib/thumb/v7e-m+fp/hard\libc_nano.a(libc_a-sprintf.o)
                                 0x13 (size before relaxing)
 .comment       0x00000012        0x0 C:/msys64/mingw64/bin/../lib/gcc/arm-none-eabi/13.3.0/../../../../arm-none-eabi/lib/thumb/v7e-m+fp/hard\libc_nano.a(libc_a-stdio.o)
                                 0x13 (size before relaxing)
 .comment       0x00000012        0x0 C:/msys64/mingw64/bin/../lib/gcc/arm-none-eabi/13.3.0/../../../../arm-none-eabi/lib/thumb/v7e-m+fp/hard\libc_nano.a(libc_a-memset.o)
                                 0x13 (size before relaxing)
 .comment       0x00000012        0x0 C:/msys64/mingw64/bin/../lib/gcc/arm-none-eabi/13.3.0/../../../../arm-none-eabi/lib/thumb/v7e-m+fp/hard\libc_nano.a(libc_a-localeconv.o)
                                 0x13 (size before relaxing)
 .comment       0x00000012        0x0 C:/msys64/mingw64/bin/../lib/gcc/arm-none-eabi/13.3.0/../../../../arm-none-eabi/lib/thumb/v7e-m+fp/hard\libc_nano.a(libc_a-closer.o)
                                 0x13 (size before relaxing)
 .comment       0x00000012        0x0 C:/msys64/mingw64/bin/../lib/gcc/arm-none-eabi/13.3.0/../../../../arm-none-eabi/lib/thumb/v7e-m+fp/hard\libc_nano.a(libc_a-reent.o)
                                 0x13 (size before relaxing)
 .comment       0x00000012        0x0 C:/msys64/mingw64/bin/../lib/gcc/arm-none-eabi/13.3.0/../../../../arm-none-eabi/lib/thumb/v7e-m+fp/hard\libc_nano.a(libc_a-impure.o)
                                 0x13 (size before relaxing)
 .comment       0x00000012        0x0 C:/msys64/mingw64/bin/../lib/gcc/arm-none-eabi/13.3.0/../../../../arm-none-eabi/lib/thumb/v7e-m+fp/hard\libc_nano.a(libc_a-lseekr.o)
                                 0x13 (size before relaxing)
 .comment       0x00000012        0x0 C:/msys64/mingw64/bin/../lib/gcc/arm-none-eabi/13.3.0/../../../../arm-none-eabi/lib/thumb/v7e-m+fp/hard\libc_nano.a(libc_a-readr.o)
                                 0x13 (size before relaxing)
 .comment       0x00000012        0x0 C:/msys64/mingw64/bin/../lib/gcc/arm-none-eabi/13.3.0/../../../../arm-none-eabi/lib/thumb/v7e-m+fp/hard\libc_nano.a(libc_a-writer.o)
                                 0x13 (size before relaxing)
 .comment       0x00000012        0x0 C:/msys64/mingw64/bin/../lib/gcc/arm-none-eabi/13.3.0/../../../../arm-none-eabi/lib/thumb/v7e-m+fp/hard\libc_nano.a(libc_a-init.o)
                                 0x13 (size before relaxing)
 .comment       0x00000012        0x0 C:/msys64/mingw64/bin/../lib/gcc/arm-none-eabi/13.3.0/../../../../arm-none-eabi/lib/thumb/v7e-m+fp/hard\libc_nano.a(libc_a-fini.o)
                                 0x13 (size before relaxing)
 .comment       0x00000012        0x0 C:/msys64/mingw64/bin/../lib/gcc/arm-none-eabi/13.3.0/../../../../arm-none-eabi/lib/thumb/v7e-m+fp/hard\libc_nano.a(libc_a-lock.o)
                                 0x13 (size before relaxing)
 .comment       0x00000012        0x0 C:/msys64/mingw64/bin/../lib/gcc/arm-none-eabi/13.3.0/../../../../arm-none-eabi/lib/thumb/v7e-m+fp/hard\libc_nano.a(libm_a-sf_nan.o)
                                 0x13 (size before relaxing)
 .comment       0x00000012        0x0 C:/msys64/mingw64/bin/../lib/gcc/arm-none-eabi/13.3.0/../../../../arm-none-eabi/lib/thumb/v7e-m+fp/hard\libc_nano.a(libc_a-__atexit.o)
                                 0x13 (size before relaxing)
 .comment       0x00000012        0x0 C:/msys64/mingw64/bin/../lib/gcc/arm-none-eabi/13.3.0/../../../../arm-none-eabi/lib/thumb/v7e-m+fp/hard\libc_nano.a(libc_a-__call_atexit.o)
                                 0x13 (size before relaxing)
 .comment       0x00000012        0x0 C:/msys64/mingw64/bin/../lib/gcc/arm-none-eabi/13.3.0/../../../../arm-none-eabi/lib/thumb/v7e-m+fp/hard\libc_nano.a(libc_a-dtoa.o)
                                 0x13 (size before relaxing)
 .comment       0x00000012        0x0 C:/msys64/mingw64/bin/../lib/gcc/arm-none-eabi/13.3.0/../../../../arm-none-eabi/lib/thumb/v7e-m+fp/hard\libc_nano.a(libc_a-freer.o)
                                 0x13 (size before relaxing)
 .comment       0x00000012        0x0 C:/msys64/mingw64/bin/../lib/gcc/arm-none-eabi/13.3.0/../../../../arm-none-eabi/lib/thumb/v7e-m+fp/hard\libc_nano.a(libc_a-malloc.o)
                                 0x13 (size before relaxing)
 .comment       0x00000012        0x0 C:/msys64/mingw64/bin/../lib/gcc/arm-none-eabi/13.3.0/../../../../arm-none-eabi/lib/thumb/v7e-m+fp/hard\libc_nano.a(libc_a-mallocr.o)
                                 0x13 (size before relaxing)
 .comment       0x00000012        0x0 C:/msys64/mingw64/bin/../lib/gcc/arm-none-eabi/13.3.0/../../../../arm-none-eabi/lib/thumb/v7e-m+fp/hard\libc_nano.a(libc_a-mlock.o)
                                 0x13 (size before relaxing)
 .comment       0x00000012        0x0 C:/msys64/mingw64/bin/../lib/gcc/arm-none-eabi/13.3.0/../../../../arm-none-eabi/lib/thumb/v7e-m+fp/hard\libc_nano.a(libc_a-mprec.o)
                                 0x13 (size before relaxing)
 .comment       0x00000012        0x0 C:/msys64/mingw64/bin/../lib/gcc/arm-none-eabi/13.3.0/../../../../arm-none-eabi/lib/thumb/v7e-m+fp/hard\libc_nano.a(libc_a-strtod.o)
                                 0x13 (size before relaxing)
 .comment       0x00000012        0x0 C:/msys64/mingw64/bin/../lib/gcc/arm-none-eabi/13.3.0/../../../../arm-none-eabi/lib/thumb/v7e-m+fp/hard\libc_nano.a(libc_a-strtol.o)
                                 0x13 (size before relaxing)
 .comment       0x00000012        0x0 C:/msys64/mingw64/bin/../lib/gcc/arm-none-eabi/13.3.0/../../../../arm-none-eabi/lib/thumb/v7e-m+fp/hard\libc_nano.a(libc_a-ctype_.o)
                                 0x13 (size before relaxing)
 .comment       0x00000012        0x0 C:/msys64/mingw64/bin/../lib/gcc/arm-none-eabi/13.3.0/../../../../arm-none-eabi/lib/thumb/v7e-m+fp/hard\libc_nano.a(libc_a-nano-svfprintf.o)
                                 0x13 (size before relaxing)
 .comment       0x00000012        0x0 C:/msys64/mingw64/bin/../lib/gcc/arm-none-eabi/13.3.0/../../../../arm-none-eabi/lib/thumb/v7e-m+fp/hard\libc_nano.a(libc_a-fflush.o)
                                 0x13 (size before relaxing)
 .comment       0x00000012        0x0 C:/msys64/mingw64/bin/../lib/gcc/arm-none-eabi/13.3.0/../../../../arm-none-eabi/lib/thumb/v7e-m+fp/hard\libc_nano.a(libc_a-memmove.o)
                                 0x13 (size before relaxing)
 .comment       0x00000012        0x0 C:/msys64/mingw64/bin/../lib/gcc/arm-none-eabi/13.3.0/../../../../arm-none-eabi/lib/thumb/v7e-m+fp/hard\libc_nano.a(libc_a-strncmp.o)
                                 0x13 (size before relaxing)
 .comment       0x00000012        0x0 C:/msys64/mingw64/bin/../lib/gcc/arm-none-eabi/13.3.0/../../../../arm-none-eabi/lib/thumb/v7e-m+fp/hard\libc_nano.a(libc_a-locale.o)
                                 0x13 (size before relaxing)
 .comment       0x00000012        0x0 C:/msys64/mingw64/bin/../lib/gcc/arm-none-eabi/13.3.0/../../../../arm-none-eabi/lib/thumb/v7e-m+fp/hard\libc_nano.a(libc_a-sbrkr.o)
                                 0x13 (size before relaxing)
 .comment       0x00000012        0x0 C:/msys64/mingw64/bin/../lib/gcc/arm-none-eabi/13.3.0/../../../../arm-none-eabi/lib/thumb/v7e-m+fp/hard\libc_nano.a(libc_a-errno.o)
                                 0x13 (size before relaxing)
 .comment       0x00000012        0x0 C:/msys64/mingw64/bin/../lib/gcc/arm-none-eabi/13.3.0/../../../../arm-none-eabi/lib/thumb/v7e-m+fp/hard\libc_nano.a(libm_a-s_nan.o)
                                 0x13 (size before relaxing)
 .comment       0x00000012        0x0 C:/msys64/mingw64/bin/../lib/gcc/arm-none-eabi/13.3.0/../../../../arm-none-eabi/lib/thumb/v7e-m+fp/hard\libc_nano.a(libc_a-assert.o)
                                 0x13 (size before relaxing)
 .comment       0x00000012        0x0 C:/msys64/mingw64/bin/../lib/gcc/arm-none-eabi/13.3.0/../../../../arm-none-eabi/lib/thumb/v7e-m+fp/hard\libc_nano.a(libc_a-callocr.o)
                                 0x13 (size before relaxing)
 .comment       0x00000012        0x0 C:/msys64/mingw64/bin/../lib/gcc/arm-none-eabi/13.3.0/../../../../arm-none-eabi/lib/thumb/v7e-m+fp/hard\libc_nano.a(libc_a-gdtoa-gethex.o)
                                 0x13 (size before relaxing)
 .comment       0x00000012        0x0 C:/msys64/mingw64/bin/../lib/gcc/arm-none-eabi/13.3.0/../../../../arm-none-eabi/lib/thumb/v7e-m+fp/hard\libc_nano.a(libc_a-gdtoa-hexnan.o)
                                 0x13 (size before relaxing)
 .comment       0x00000012        0x0 C:/msys64/mingw64/bin/../lib/gcc/arm-none-eabi/13.3.0/../../../../arm-none-eabi/lib/thumb/v7e-m+fp/hard\libc_nano.a(libc_a-mbtowc_r.o)
                                 0x13 (size before relaxing)
 .comment       0x00000012        0x0 C:/msys64/mingw64/bin/../lib/gcc/arm-none-eabi/13.3.0/../../../../arm-none-eabi/lib/thumb/v7e-m+fp/hard\libc_nano.a(libc_a-reallocr.o)
                                 0x13 (size before relaxing)
 .comment       0x00000012        0x0 C:/msys64/mingw64/bin/../lib/gcc/arm-none-eabi/13.3.0/../../../../arm-none-eabi/lib/thumb/v7e-m+fp/hard\libc_nano.a(libc_a-wctomb_r.o)
                                 0x13 (size before relaxing)
 .comment       0x00000012        0x0 C:/msys64/mingw64/bin/../lib/gcc/arm-none-eabi/13.3.0/../../../../arm-none-eabi/lib/thumb/v7e-m+fp/hard\libc_nano.a(libc_a-fprintf.o)
                                 0x13 (size before relaxing)
 .comment       0x00000012        0x0 C:/msys64/mingw64/bin/../lib/gcc/arm-none-eabi/13.3.0/../../../../arm-none-eabi/lib/thumb/v7e-m+fp/hard\libc_nano.a(libc_a-abort.o)
                                 0x13 (size before relaxing)
 .comment       0x00000012        0x0 C:/msys64/mingw64/bin/../lib/gcc/arm-none-eabi/13.3.0/../../../../arm-none-eabi/lib/thumb/v7e-m+fp/hard\libc_nano.a(libc_a-msizer.o)
                                 0x13 (size before relaxing)
 .comment       0x00000012        0x0 C:/msys64/mingw64/bin/../lib/gcc/arm-none-eabi/13.3.0/../../../../arm-none-eabi/lib/thumb/v7e-m+fp/hard\libc_nano.a(libc_a-nano-vfprintf.o)
                                 0x13 (size before relaxing)
 .comment       0x00000012        0x0 C:/msys64/mingw64/bin/../lib/gcc/arm-none-eabi/13.3.0/../../../../arm-none-eabi/lib/thumb/v7e-m+fp/hard\libc_nano.a(libc_a-fvwrite.o)
                                 0x13 (size before relaxing)
 .comment       0x00000012        0x0 C:/msys64/mingw64/bin/../lib/gcc/arm-none-eabi/13.3.0/../../../../arm-none-eabi/lib/thumb/v7e-m+fp/hard\libc_nano.a(libc_a-wbuf.o)
                                 0x13 (size before relaxing)
 .comment       0x00000012        0x0 C:/msys64/mingw64/bin/../lib/gcc/arm-none-eabi/13.3.0/../../../../arm-none-eabi/lib/thumb/v7e-m+fp/hard\libc_nano.a(libc_a-wsetup.o)
                                 0x13 (size before relaxing)
 .comment       0x00000012        0x0 C:/msys64/mingw64/bin/../lib/gcc/arm-none-eabi/13.3.0/../../../../arm-none-eabi/lib/thumb/v7e-m+fp/hard\libc_nano.a(libc_a-signal.o)
                                 0x13 (size before relaxing)
 .comment       0x00000012        0x0 C:/msys64/mingw64/bin/../lib/gcc/arm-none-eabi/13.3.0/../../../../arm-none-eabi/lib/thumb/v7e-m+fp/hard\libc_nano.a(libc_a-signalr.o)
                                 0x13 (size before relaxing)
 .comment       0x00000012        0x0 C:/msys64/mingw64/bin/../lib/gcc/arm-none-eabi/13.3.0/../../../../arm-none-eabi/lib/thumb/v7e-m+fp/hard\libc_nano.a(libc_a-makebuf.o)
                                 0x13 (size before relaxing)
 .comment       0x00000012        0x0 C:/msys64/mingw64/bin/../lib/gcc/arm-none-eabi/13.3.0/../../../../arm-none-eabi/lib/thumb/v7e-m+fp/hard\libc_nano.a(libc_a-fstatr.o)
                                 0x13 (size before relaxing)
 .comment       0x00000012        0x0 C:/msys64/mingw64/bin/../lib/gcc/arm-none-eabi/13.3.0/../../../../arm-none-eabi/lib/thumb/v7e-m+fp/hard\libc_nano.a(libc_a-isattyr.o)
                                 0x13 (size before relaxing)
 .comment       0x00000012        0x0 CMakeFiles/blinky.elf.dir/89453849d6d115cef422537725914b7b/retarget/Template/K1921VK035/retarget_conf.c.obj
                                 0x13 (size before relaxing)
 .comment       0x00000012        0x0 CMakeFiles/blinky.elf.dir/665cb2cdd5c880f78f367d28651725ea/projects/NIIET-BB-K1921VK035/blinky/app/button.c.obj
                                 0x13 (size before relaxing)
 .comment       0x00000012        0x0 CMakeFiles/blinky.elf.dir/665cb2cdd5c880f78f367d28651725ea/projects/NIIET-BB-K1921VK035/blinky/app/can.c.obj
                                 0x13 (size before relaxing)
 .comment       0x00000012        0x0 CMakeFiles/blinky.elf.dir/665cb2cdd5c880f78f367d28651725ea/projects/NIIET-BB-K1921VK035/blinky/app/ds18b20.c.obj
                                 0x13 (size before relaxing)
 .comment       0x00000012        0x0 CMakeFiles/blinky.elf.dir/665cb2cdd5c880f78f367d28651725ea/projects/NIIET-BB-K1921VK035/blinky/app/led.c.obj
                                 0x13 (size before relaxing)
 .comment       0x00000012        0x0 CMakeFiles/blinky.elf.dir/665cb2cdd5c880f78f367d28651725ea/projects/NIIET-BB-K1921VK035/blinky/app/main.c.obj
                                 0x13 (size before relaxing)
 .comment       0x00000012        0x0 CMakeFiles/blinky.elf.dir/99ca56b1d2d790d692bd11fb324f63ef/NIIET-BB-K1921VK035/blinky/app/system_K1921VK035.c.obj
                                 0x13 (size before relaxing)
 .comment       0x00000012        0x0 CMakeFiles/blinky.elf.dir/665cb2cdd5c880f78f367d28651725ea/projects/NIIET-BB-K1921VK035/blinky/app/uart.c.obj
                                 0x13 (size before relaxing)
 .comment       0x00000012        0x0 CMakeFiles/blinky.elf.dir/665cb2cdd5c880f78f367d28651725ea/platform/retarget/retarget.c.obj
                                 0x13 (size before relaxing)